Archive member included to satisfy reference by file (symbol)

/opt/gcc-arm-none-eabi-5_4-2016q3/bin/../lib/gcc/arm-none-eabi/5.4.1/../../../../arm-none-eabi/lib/armv7e-m/fpu/libc_nano.a(lib_a-atoi.o)
                              obj/main/SPRACINGF3/io/serial_cli.o (symbol from plugin) (atoi)
/opt/gcc-arm-none-eabi-5_4-2016q3/bin/../lib/gcc/arm-none-eabi/5.4.1/../../../../arm-none-eabi/lib/armv7e-m/fpu/libc_nano.a(lib_a-locale.o)
                              obj/main/SPRACINGF3/io/serial_cli.o (symbol from plugin) (__locale_ctype_ptr)
/opt/gcc-arm-none-eabi-5_4-2016q3/bin/../lib/gcc/arm-none-eabi/5.4.1/../../../../arm-none-eabi/lib/armv7e-m/fpu/libc_nano.a(lib_a-mbtowc_r.o)
                              /opt/gcc-arm-none-eabi-5_4-2016q3/bin/../lib/gcc/arm-none-eabi/5.4.1/../../../../arm-none-eabi/lib/armv7e-m/fpu/libc_nano.a(lib_a-locale.o) (__ascii_mbtowc)
/opt/gcc-arm-none-eabi-5_4-2016q3/bin/../lib/gcc/arm-none-eabi/5.4.1/../../../../arm-none-eabi/lib/armv7e-m/fpu/libc_nano.a(lib_a-strcmp.o)
                              /opt/gcc-arm-none-eabi-5_4-2016q3/bin/../lib/gcc/arm-none-eabi/5.4.1/../../../../arm-none-eabi/lib/armv7e-m/fpu/libc_nano.a(lib_a-locale.o) (strcmp)
/opt/gcc-arm-none-eabi-5_4-2016q3/bin/../lib/gcc/arm-none-eabi/5.4.1/../../../../arm-none-eabi/lib/armv7e-m/fpu/libc_nano.a(lib_a-strtok_r.o)
                              obj/main/SPRACINGF3/io/serial_cli.o (symbol from plugin) (strtok_r)
/opt/gcc-arm-none-eabi-5_4-2016q3/bin/../lib/gcc/arm-none-eabi/5.4.1/../../../../arm-none-eabi/lib/armv7e-m/fpu/libc_nano.a(lib_a-strtol.o)
                              /opt/gcc-arm-none-eabi-5_4-2016q3/bin/../lib/gcc/arm-none-eabi/5.4.1/../../../../arm-none-eabi/lib/armv7e-m/fpu/libc_nano.a(lib_a-atoi.o) (_strtol_r)
/opt/gcc-arm-none-eabi-5_4-2016q3/bin/../lib/gcc/arm-none-eabi/5.4.1/../../../../arm-none-eabi/lib/armv7e-m/fpu/libc_nano.a(lib_a-wctomb_r.o)
                              /opt/gcc-arm-none-eabi-5_4-2016q3/bin/../lib/gcc/arm-none-eabi/5.4.1/../../../../arm-none-eabi/lib/armv7e-m/fpu/libc_nano.a(lib_a-locale.o) (__ascii_wctomb)
/opt/gcc-arm-none-eabi-5_4-2016q3/bin/../lib/gcc/arm-none-eabi/5.4.1/../../../../arm-none-eabi/lib/armv7e-m/fpu/libc_nano.a(lib_a-ctype_.o)
                              /opt/gcc-arm-none-eabi-5_4-2016q3/bin/../lib/gcc/arm-none-eabi/5.4.1/../../../../arm-none-eabi/lib/armv7e-m/fpu/libc_nano.a(lib_a-locale.o) (_ctype_)
/opt/gcc-arm-none-eabi-5_4-2016q3/bin/../lib/gcc/arm-none-eabi/5.4.1/../../../../arm-none-eabi/lib/armv7e-m/fpu/libc_nano.a(lib_a-impure.o)
                              /opt/gcc-arm-none-eabi-5_4-2016q3/bin/../lib/gcc/arm-none-eabi/5.4.1/../../../../arm-none-eabi/lib/armv7e-m/fpu/libc_nano.a(lib_a-locale.o) (_impure_ptr)
/opt/gcc-arm-none-eabi-5_4-2016q3/bin/../lib/gcc/arm-none-eabi/5.4.1/../../../../arm-none-eabi/lib/armv7e-m/fpu/libm.a(lib_a-sf_lrint.o)
                              /var/folders/qz/8dvj07d52mjgthd1ds8wvf400000gn/T//ccg5ycur.ltrans4.ltrans.o (lrintf)
/opt/gcc-arm-none-eabi-5_4-2016q3/bin/../lib/gcc/arm-none-eabi/5.4.1/../../../../arm-none-eabi/lib/armv7e-m/fpu/libm.a(lib_a-w_pow.o)
                              /var/folders/qz/8dvj07d52mjgthd1ds8wvf400000gn/T//ccg5ycur.ltrans11.ltrans.o (pow)
/opt/gcc-arm-none-eabi-5_4-2016q3/bin/../lib/gcc/arm-none-eabi/5.4.1/../../../../arm-none-eabi/lib/armv7e-m/fpu/libm.a(lib_a-wf_sqrt.o)
                              /var/folders/qz/8dvj07d52mjgthd1ds8wvf400000gn/T//ccg5ycur.ltrans4.ltrans.o (sqrtf)
/opt/gcc-arm-none-eabi-5_4-2016q3/bin/../lib/gcc/arm-none-eabi/5.4.1/../../../../arm-none-eabi/lib/armv7e-m/fpu/libm.a(lib_a-e_pow.o)
                              /opt/gcc-arm-none-eabi-5_4-2016q3/bin/../lib/gcc/arm-none-eabi/5.4.1/../../../../arm-none-eabi/lib/armv7e-m/fpu/libm.a(lib_a-w_pow.o) (__ieee754_pow)
/opt/gcc-arm-none-eabi-5_4-2016q3/bin/../lib/gcc/arm-none-eabi/5.4.1/../../../../arm-none-eabi/lib/armv7e-m/fpu/libm.a(lib_a-e_sqrt.o)
                              /opt/gcc-arm-none-eabi-5_4-2016q3/bin/../lib/gcc/arm-none-eabi/5.4.1/../../../../arm-none-eabi/lib/armv7e-m/fpu/libm.a(lib_a-e_pow.o) (__ieee754_sqrt)
/opt/gcc-arm-none-eabi-5_4-2016q3/bin/../lib/gcc/arm-none-eabi/5.4.1/../../../../arm-none-eabi/lib/armv7e-m/fpu/libm.a(lib_a-ef_sqrt.o)
                              /opt/gcc-arm-none-eabi-5_4-2016q3/bin/../lib/gcc/arm-none-eabi/5.4.1/../../../../arm-none-eabi/lib/armv7e-m/fpu/libm.a(lib_a-wf_sqrt.o) (__ieee754_sqrtf)
/opt/gcc-arm-none-eabi-5_4-2016q3/bin/../lib/gcc/arm-none-eabi/5.4.1/../../../../arm-none-eabi/lib/armv7e-m/fpu/libm.a(lib_a-s_fabs.o)
                              /opt/gcc-arm-none-eabi-5_4-2016q3/bin/../lib/gcc/arm-none-eabi/5.4.1/../../../../arm-none-eabi/lib/armv7e-m/fpu/libm.a(lib_a-e_pow.o) (fabs)
/opt/gcc-arm-none-eabi-5_4-2016q3/bin/../lib/gcc/arm-none-eabi/5.4.1/../../../../arm-none-eabi/lib/armv7e-m/fpu/libm.a(lib_a-s_finite.o)
[...]
Memory Configuration

Name             Origin             Length             Attributes
FLASH            0x0000000008000000 0x000000000003f000 xr
FLASH_CONFIG     0x000000000803f000 0x0000000000001000 r
RAM              0x0000000020000000 0x000000000000a000 xrw
MEMORY_B1        0x0000000060000000 0x0000000000000000 xr
*default*        0x0000000000000000 0xffffffffffffffff

Linker script and memory map

LOAD obj/main/SPRACINGF3/startup_stm32f30x_md_gcc.o
LOAD obj/main/SPRACINGF3/target/system_stm32f30x.o
LOAD /var/folders/qz/8dvj07d52mjgthd1ds8wvf400000gn/T//ccg5ycur.ltrans0.ltrans.o
LOAD /var/folders/qz/8dvj07d52mjgthd1ds8wvf400000gn/T//ccg5ycur.ltrans1.ltrans.o
LOAD /var/folders/qz/8dvj07d52mjgthd1ds8wvf400000gn/T//ccg5ycur.ltrans2.ltrans.o
LOAD /var/folders/qz/8dvj07d52mjgthd1ds8wvf400000gn/T//ccg5ycur.ltrans3.ltrans.o
LOAD /var/folders/qz/8dvj07d52mjgthd1ds8wvf400000gn/T//ccg5ycur.ltrans4.ltrans.o
LOAD /var/folders/qz/8dvj07d52mjgthd1ds8wvf400000gn/T//ccg5ycur.ltrans5.ltrans.o
LOAD /var/folders/qz/8dvj07d52mjgthd1ds8wvf400000gn/T//ccg5ycur.ltrans6.ltrans.o
LOAD /var/folders/qz/8dvj07d52mjgthd1ds8wvf400000gn/T//ccg5ycur.ltrans7.ltrans.o
LOAD /var/folders/qz/8dvj07d52mjgthd1ds8wvf400000gn/T//ccg5ycur.ltrans8.ltrans.o
LOAD /var/folders/qz/8dvj07d52mjgthd1ds8wvf400000gn/T//ccg5ycur.ltrans9.ltrans.o
LOAD /var/folders/qz/8dvj07d52mjgthd1ds8wvf400000gn/T//ccg5ycur.ltrans10.ltrans.o
LOAD /var/folders/qz/8dvj07d52mjgthd1ds8wvf400000gn/T//ccg5ycur.ltrans11.ltrans.o
LOAD /var/folders/qz/8dvj07d52mjgthd1ds8wvf400000gn/T//ccg5ycur.ltrans12.ltrans.o
LOAD /var/folders/qz/8dvj07d52mjgthd1ds8wvf400000gn/T//ccg5ycur.ltrans13.ltrans.o
LOAD /var/folders/qz/8dvj07d52mjgthd1ds8wvf400000gn/T//ccg5ycur.ltrans14.ltrans.o
LOAD /var/folders/qz/8dvj07d52mjgthd1ds8wvf400000gn/T//ccg5ycur.ltrans15.ltrans.o
LOAD /var/folders/qz/8dvj07d52mjgthd1ds8wvf400000gn/T//ccg5ycur.ltrans16.ltrans.o
LOAD /var/folders/qz/8dvj07d52mjgthd1ds8wvf400000gn/T//ccg5ycur.ltrans17.ltrans.o
LOAD /var/folders/qz/8dvj07d52mjgthd1ds8wvf400000gn/T//ccg5ycur.ltrans18.ltrans.o
LOAD /var/folders/qz/8dvj07d52mjgthd1ds8wvf400000gn/T//ccg5ycur.ltrans19.ltrans.o
LOAD /var/folders/qz/8dvj07d52mjgthd1ds8wvf400000gn/T//ccg5ycur.ltrans20.ltrans.o
LOAD obj/main/SPRACINGF3/drivers/adc.o
LOAD obj/main/SPRACINGF3/drivers/adc_stm32f30x.o
LOAD obj/main/SPRACINGF3/drivers/bus_i2c_stm32f30x.o
LOAD obj/main/SPRACINGF3/drivers/bus_spi.o
LOAD obj/main/SPRACINGF3/drivers/gpio_stm32f30x.o
LOAD obj/main/SPRACINGF3/drivers/light_led_stm32f30x.o
LOAD obj/main/SPRACINGF3/drivers/serial_uart.o
LOAD obj/main/SPRACINGF3/drivers/serial_uart_stm32f30x.o
LOAD obj/main/SPRACINGF3/drivers/sound_beeper_stm32f30x.o
LOAD obj/main/SPRACINGF3/drivers/system_stm32f30x.o
LOAD obj/main/SPRACINGF3/drivers/display_ug2864hsweg01.o
LOAD obj/main/SPRACINGF3/drivers/timer.o
LOAD obj/main/SPRACINGF3/drivers/timer_stm32f30x.o
LOAD obj/main/SPRACINGF3/drivers/pwm_mapping.o
LOAD obj/main/SPRACINGF3/drivers/pwm_output.o
LOAD obj/main/SPRACINGF3/drivers/pwm_rx.o
LOAD obj/main/SPRACINGF3/drivers/accgyro_mpu.o
LOAD obj/main/SPRACINGF3/drivers/accgyro_mpu6050.o
LOAD obj/main/SPRACINGF3/drivers/barometer_ms5611.o
LOAD obj/main/SPRACINGF3/drivers/compass_ak8975.o
LOAD obj/main/SPRACINGF3/drivers/compass_hmc5883l.o
LOAD obj/main/SPRACINGF3/drivers/flash_m25p16.o
LOAD obj/main/SPRACINGF3/drivers/light_ws2811strip.o
LOAD obj/main/SPRACINGF3/drivers/light_ws2811strip_stm32f30x.o
LOAD obj/main/SPRACINGF3/drivers/serial_softserial.o
LOAD obj/main/SPRACINGF3/drivers/sonar_hcsr04.o
LOAD obj/main/SPRACINGF3/io/flashfs.o
LOAD obj/main/SPRACINGF3/flight/gtune.o
LOAD obj/main/SPRACINGF3/flight/navigation.o
LOAD obj/main/SPRACINGF3/flight/gps_conversion.o
LOAD obj/main/SPRACINGF3/common/colorconversion.o
LOAD obj/main/SPRACINGF3/io/gps.o
LOAD obj/main/SPRACINGF3/io/display.o
LOAD obj/main/SPRACINGF3/telemetry/telemetry.o
LOAD obj/main/SPRACINGF3/telemetry/frsky.o
LOAD obj/main/SPRACINGF3/telemetry/hott.o
LOAD obj/main/SPRACINGF3/telemetry/smartport.o
LOAD obj/main/SPRACINGF3/telemetry/ltm.o
LOAD obj/main/SPRACINGF3/telemetry/mavlink.o
LOAD obj/main/SPRACINGF3/sensors/sonar.o
LOAD obj/main/SPRACINGF3/sensors/barometer.o
LOAD obj/main/SPRACINGF3/blackbox/blackbox.o
LOAD obj/main/SPRACINGF3/blackbox/blackbox_io.o
LOAD obj/main/SPRACINGF3/config/feature.o
LOAD obj/main/SPRACINGF3/config/profile.o
LOAD obj/main/SPRACINGF3/fc/boot.o
LOAD obj/main/SPRACINGF3/fc/cleanflight_fc.o
LOAD obj/main/SPRACINGF3/fc/fc_tasks.o
LOAD obj/main/SPRACINGF3/fc/rate_profile.o
LOAD obj/main/SPRACINGF3/fc/rc_adjustments.o
LOAD obj/main/SPRACINGF3/fc/rc_controls.o
LOAD obj/main/SPRACINGF3/fc/rc_curves.o
LOAD obj/main/SPRACINGF3/fc/fc_serial.o
LOAD obj/main/SPRACINGF3/fc/config.o
LOAD obj/main/SPRACINGF3/fc/runtime_config.o
LOAD obj/main/SPRACINGF3/fc/msp_server_fc.o
LOAD obj/main/SPRACINGF3/flight/altitudehold.o
LOAD obj/main/SPRACINGF3/flight/failsafe.o
LOAD obj/main/SPRACINGF3/flight/pid.o
LOAD obj/main/SPRACINGF3/flight/pid_luxfloat.o
LOAD obj/main/SPRACINGF3/flight/pid_mwrewrite.o
LOAD obj/main/SPRACINGF3/flight/pid_mw23.o
LOAD obj/main/SPRACINGF3/flight/imu.o
LOAD obj/main/SPRACINGF3/flight/mixer.o
LOAD obj/main/SPRACINGF3/flight/servos.o
LOAD obj/main/SPRACINGF3/drivers/bus_i2c_soft.o
LOAD obj/main/SPRACINGF3/drivers/exti.o
LOAD obj/main/SPRACINGF3/drivers/io.o
LOAD obj/main/SPRACINGF3/drivers/rcc.o
LOAD obj/main/SPRACINGF3/drivers/sound_beeper.o
LOAD obj/main/SPRACINGF3/drivers/gyro_sync.o
LOAD obj/main/SPRACINGF3/io/beeper.o
LOAD obj/main/SPRACINGF3/io/gimbal.o
LOAD obj/main/SPRACINGF3/io/motor_and_servo.o
LOAD obj/main/SPRACINGF3/io/serial_4way.o
LOAD obj/main/SPRACINGF3/io/serial_4way_avrootloader.o
LOAD obj/main/SPRACINGF3/io/serial_4way_stk500v2.o
LOAD obj/main/SPRACINGF3/io/serial_cli.o
LOAD obj/main/SPRACINGF3/io/statusindicator.o
LOAD obj/main/SPRACINGF3/rx/rx.o
LOAD obj/main/SPRACINGF3/rx/pwm.o
LOAD obj/main/SPRACINGF3/rx/msp.o
LOAD obj/main/SPRACINGF3/rx/sbus.o
LOAD obj/main/SPRACINGF3/rx/sumd.o
LOAD obj/main/SPRACINGF3/rx/sumh.o
LOAD obj/main/SPRACINGF3/rx/spektrum.o
LOAD obj/main/SPRACINGF3/rx/xbus.o
LOAD obj/main/SPRACINGF3/rx/ibus.o
LOAD obj/main/SPRACINGF3/rx/srxl.o
LOAD obj/main/SPRACINGF3/sensors/sensors.o
LOAD obj/main/SPRACINGF3/sensors/acceleration.o
LOAD obj/main/SPRACINGF3/sensors/battery.o
LOAD obj/main/SPRACINGF3/sensors/boardalignment.o
LOAD obj/main/SPRACINGF3/sensors/compass.o
LOAD obj/main/SPRACINGF3/sensors/gyro.o
LOAD obj/main/SPRACINGF3/sensors/initialisation.o
LOAD obj/main/SPRACINGF3/build/build_config.o
LOAD obj/main/SPRACINGF3/build/debug.o
LOAD obj/main/SPRACINGF3/build/version.o
LOAD obj/main/SPRACINGF3/config/config_streamer.o
LOAD obj/main/SPRACINGF3/config/parameter_group.o
LOAD obj/main/SPRACINGF3/config/config_eeprom.o
LOAD obj/main/SPRACINGF3/common/encoding.o
LOAD obj/main/SPRACINGF3/common/filter.o
LOAD obj/main/SPRACINGF3/common/maths.o
LOAD obj/main/SPRACINGF3/common/printf.o
LOAD obj/main/SPRACINGF3/common/streambuf.o
LOAD obj/main/SPRACINGF3/common/typeconversion.o
LOAD obj/main/SPRACINGF3/common/crc.o
LOAD obj/main/SPRACINGF3/drivers/buf_writer.o
LOAD obj/main/SPRACINGF3/drivers/dma.o
LOAD obj/main/SPRACINGF3/drivers/serial.o
LOAD obj/main/SPRACINGF3/drivers/system.o
LOAD obj/main/SPRACINGF3/scheduler/scheduler.o
LOAD obj/main/SPRACINGF3/io/serial.o
LOAD obj/main/SPRACINGF3/msp/msp.o
LOAD obj/main/SPRACINGF3/msp/msp_serial.o
LOAD obj/main/SPRACINGF3/drivers/nrf2401.o
LOAD obj/main/SPRACINGF3/drivers/fbm320.o
LOAD obj/main/SPRACINGF3/drivers/app.o
LOAD obj/main/SPRACINGF3/drivers/led.o
LOAD obj/main/SPRACINGF3/stm32f30x_gpio.o
LOAD obj/main/SPRACINGF3/stm32f30x_rcc.o
LOAD obj/main/SPRACINGF3/stm32f30x_adc.o
LOAD obj/main/SPRACINGF3/stm32f30x_comp.o
LOAD obj/main/SPRACINGF3/stm32f30x_dac.o
LOAD obj/main/SPRACINGF3/stm32f30x_dbgmcu.o
LOAD obj/main/SPRACINGF3/stm32f30x_dma.o
LOAD obj/main/SPRACINGF3/stm32f30x_exti.o
LOAD obj/main/SPRACINGF3/stm32f30x_flash.o
LOAD obj/main/SPRACINGF3/stm32f30x_hrtim.o
LOAD obj/main/SPRACINGF3/stm32f30x_i2c.o
LOAD obj/main/SPRACINGF3/stm32f30x_iwdg.o
LOAD obj/main/SPRACINGF3/stm32f30x_misc.o
LOAD obj/main/SPRACINGF3/stm32f30x_opamp.o
LOAD obj/main/SPRACINGF3/stm32f30x_pwr.o
LOAD obj/main/SPRACINGF3/stm32f30x_rtc.o
LOAD obj/main/SPRACINGF3/stm32f30x_spi.o
LOAD obj/main/SPRACINGF3/stm32f30x_syscfg.o
LOAD obj/main/SPRACINGF3/stm32f30x_tim.o
LOAD obj/main/SPRACINGF3/stm32f30x_usart.o
LOAD obj/main/SPRACINGF3/stm32f30x_wwdg.o
LOAD /opt/gcc-arm-none-eabi-5_4-2016q3/bin/../lib/gcc/arm-none-eabi/5.4.1/../../../../arm-none-eabi/lib/armv7e-m/fpu/libm.a
LOAD /opt/gcc-arm-none-eabi-5_4-2016q3/bin/../lib/gcc/arm-none-eabi/5.4.1/../../../../arm-none-eabi/lib/armv7e-m/fpu/libc_nano.a
LOAD /opt/gcc-arm-none-eabi-5_4-2016q3/bin/../lib/gcc/arm-none-eabi/5.4.1/../../../../arm-none-eabi/lib/armv7e-m/fpu/libnosys.a
START GROUP
LOAD /opt/gcc-arm-none-eabi-5_4-2016q3/bin/../lib/gcc/arm-none-eabi/5.4.1/armv7e-m/fpu/libgcc.a
LOAD /opt/gcc-arm-none-eabi-5_4-2016q3/bin/../lib/gcc/arm-none-eabi/5.4.1/../../../../arm-none-eabi/lib/armv7e-m/fpu/libg_nano.a
LOAD /opt/gcc-arm-none-eabi-5_4-2016q3/bin/../lib/gcc/arm-none-eabi/5.4.1/../../../../arm-none-eabi/lib/armv7e-m/fpu/libc_nano.a
END GROUP
START GROUP
LOAD /opt/gcc-arm-none-eabi-5_4-2016q3/bin/../lib/gcc/arm-none-eabi/5.4.1/armv7e-m/fpu/libgcc.a
LOAD /opt/gcc-arm-none-eabi-5_4-2016q3/bin/../lib/gcc/arm-none-eabi/5.4.1/../../../../arm-none-eabi/lib/armv7e-m/fpu/libc_nano.a
END GROUP
                0x000000002000a000                _estack = (ORIGIN (RAM) + LENGTH (RAM))
                0x000000000803f000                __config_start = (ORIGIN (FLASH) + LENGTH (FLASH))
                0x0000000008040000                __config_end = (ORIGIN (FLASH_CONFIG) + LENGTH (FLASH_CONFIG))
                0x0000000000000000                _Min_Heap_Size = 0x0
                0x0000000000000400                _Min_Stack_Size = 0x400

.isr_vector     0x0000000008000000      0x188
                0x0000000008000000                . = ALIGN (0x4)
                [!provide]                        PROVIDE (isr_vector_table_base, .)
 *(.isr_vector)
 .isr_vector    0x0000000008000000      0x188 obj/main/SPRACINGF3/startup_stm32f30x_md_gcc.o
                0x0000000008000000                g_pfnVectors
                0x0000000008000188                . = ALIGN (0x4)

.text           0x0000000008000188    0x11978
                0x0000000008000188                . = ALIGN (0x4)
 *(.text)
 .text          0x0000000008000188     0x1488 /var/folders/qz/8dvj07d52mjgthd1ds8wvf400000gn/T//ccg5ycur.ltrans1.ltrans.o
                0x0000000008000188                mspSerialProcess
 .text          0x0000000008001610     0x1034 /var/folders/qz/8dvj07d52mjgthd1ds8wvf400000gn/T//ccg5ycur.ltrans2.ltrans.o
                0x0000000008001610                taskUpdateRxMain
 .text          0x0000000008002644      0xd2c /var/folders/qz/8dvj07d52mjgthd1ds8wvf400000gn/T//ccg5ycur.ltrans3.ltrans.o
                0x0000000008002644                pwmOverflowCallback.lto_priv.262
                0x000000000800266c                ppmEdgeCallback.lto_priv.263
                0x00000000080027c8                ppmOverflowCallback.lto_priv.264
                0x0000000008002800                pwmWriteStandard.lto_priv.259
                0x0000000008002810                pwmWriteBrushed.lto_priv.260
                0x000000000800293a                uartRead
                0x000000000800296a                isUartTransmitBufferEmpty
                0x0000000008002980                uartTotalTxBytesFree
                0x00000000080029a8                uartTotalRxBytesWaiting
                0x00000000080029fa                handleUsartTxDma.lto_priv.107
                0x0000000008002a34                uartWrite
                0x0000000008002a84                pwmEdgeCallback.lto_priv.261
                0x0000000008002b70                TIM1_TRG_COM_TIM17_IRQHandler
                0x0000000008002b80                TIM1_BRK_TIM15_IRQHandler
                0x0000000008002b90                TIM4_IRQHandler
                0x0000000008002ba0                TIM3_IRQHandler
                0x0000000008002bb0                TIM2_IRQHandler
                0x0000000008002bbc                TIM1_UP_TIM16_IRQHandler
                0x0000000008002be0                TIM1_CC_IRQHandler
                0x0000000008002bf0                timerConfigure
                0x0000000008002c44                lookupTimerIndex.lto_priv.184
                0x0000000008002c9c                timerChConfigCallbacks
                0x0000000008002d4c                USART3_IRQHandler
                0x0000000008002d54                USART2_IRQHandler
                0x0000000008002d5c                USART1_IRQHandler
                0x0000000008002d64                uartReconfigure.lto_priv.109
                0x0000000008002e88                uartSetMode
                0x0000000008002e8c                uartSetBaudRate
                0x0000000008002e90                gpioInit
                0x0000000008002ee4                pwmOutConfig.lto_priv.267
                0x0000000008003104                i2cRead
                0x0000000008003224                i2cWrite
                0x0000000008003308                SystemInit
 .text          0x0000000008003370     0x12b4 /var/folders/qz/8dvj07d52mjgthd1ds8wvf400000gn/T//ccg5ycur.ltrans4.ltrans.o
                0x0000000008003370                taskMainPidLoopChecker
 .text          0x0000000008004624      0xdb4 /var/folders/qz/8dvj07d52mjgthd1ds8wvf400000gn/T//ccg5ycur.ltrans5.ltrans.o
                0x0000000008004624                cliHelp.lto_priv.212
                0x0000000008004668                cliFeature.lto_priv.211
                0x0000000008004774                cliExit.lto_priv.210
                0x0000000008004858                cliAux.lto_priv.208
                0x0000000008004938                cliShowParseError.lto_priv.140
                0x0000000008004944                cliMap.lto_priv.213
                0x00000000080049e0                cliRxRange.lto_priv.215
                0x0000000008004aa8                cliMotorMix.lto_priv.214
                0x0000000008004cc0                cliAdjustmentRange.lto_priv.207
                0x0000000008004e08                cliSerial.lto_priv.217
                0x0000000008004f68                cliRxFail.lto_priv.216
                0x0000000008005080                cliDump.lto_priv.209
                0x0000000008005338                cliPrompt.lto_priv.114
                0x0000000008005354                _CMD_LOAD_ADDRESS.isra.1.lto_priv.166
                0x00000000080053ac                Stk_SignOn
 .text          0x00000000080053d8      0xcec /var/folders/qz/8dvj07d52mjgthd1ds8wvf400000gn/T//ccg5ycur.ltrans6.ltrans.o
                0x0000000008005d64                msp4WayIfFn
                0x0000000008005d78                writeByteCrc.lto_priv.164
                0x0000000008005db4                readByteCrc.lto_priv.165
                0x0000000008005dfc                EXTI15_10_IRQHandler
                0x0000000008005e00                EXTI0_IRQHandler
                0x0000000008005e04                EXTI9_5_IRQHandler
                0x0000000008005e08                EXTI4_IRQHandler
                0x0000000008005e0c                EXTI3_IRQHandler
                0x0000000008005e10                EXTI2_TS_IRQHandler
                0x0000000008005e14                EXTI1_IRQHandler
                0x0000000008005e18                writeMotors
                0x0000000008005ed0                stopMotors
                0x0000000008005f1c                mspRebootFn
                0x0000000008005f3c                mixerResetDisarmedMotors
                0x0000000008005f74                imuComputeRotationMatrix.lto_priv.234
                0x0000000008006030                pidSetController
                0x0000000008006054                failsafeActivate.lto_priv.197
                0x0000000008006090                findBoxByBoxId.lto_priv.112
                0x00000000080060b4                disableFlightMode
 .text          0x00000000080060c4      0xaf8 /var/folders/qz/8dvj07d52mjgthd1ds8wvf400000gn/T//ccg5ycur.ltrans7.ltrans.o
                0x000000000800614a                setTaskEnabled
                0x0000000008006200                micros
                0x0000000008006234                delayMicroseconds
                0x000000000800624a                delay
                0x000000000800625e                waitForSerialPortToFinishTransmitting
                0x0000000008006276                failureMode
                0x00000000080062c8                SysTick_Handler
                0x00000000080062d8                serialEndWrite
                0x00000000080062e2                serialBeginWrite
                0x00000000080062ec                serialRead
                0x00000000080062f2                serialRxBytesWaiting
                0x00000000080062f8                serialWrite
                0x000000000800633a                mspSerialEncode
                0x00000000080063c2                serialWriteBufShim
                0x00000000080063c4                _putc.lto_priv.266
                0x00000000080063d0                DMA1_Channel7_IRQHandler
                0x00000000080063d8                DMA1_Channel6_IRQHandler
                0x00000000080063e0                DMA1_Channel5_IRQHandler
                0x00000000080063e8                DMA1_Channel4_IRQHandler
                0x00000000080063f0                DMA1_Channel3_IRQHandler
                0x00000000080063f8                DMA1_Channel2_IRQHandler
                0x0000000008006400                DMA1_Channel1_IRQHandler
                0x0000000008006408                bufWriterFlush
                0x0000000008006420                bufWriterAppend
                0x0000000008006440                fastA2F
                0x0000000008006550                ftoa
                0x0000000008006618                _i2a.lto_priv.110
                0x0000000008006640                ui2a
                0x0000000008006640                uli2a
                0x000000000800668c                sbufReadU32
                0x00000000080066b8                sbufReadU16
                0x00000000080066ce                sbufWriteData
                0x00000000080066e2                sbufWriteU32
                0x000000000800670a                sbufWriteU16
                0x000000000800671e                quickMedianFilter3
                0x000000000800673c                applyDeadband
                0x000000000800675a                acosf
                0x00000000080067c0                atan2f
                0x00000000080068a4                sinf
                0x0000000008006968                cosf
                0x0000000008006978                pt1FilterApply4
                0x00000000080069d0                pgActivateProfile
                0x00000000080069fc                pgResetInstance.lto_priv.190
                0x0000000008006a44                scanEEPROM.part.4
                0x0000000008006b30                pgResetCurrent
                0x0000000008006b42                write_word.lto_priv.189
                0x0000000008006b8a                config_streamer_write
 .text          0x0000000008006bbc      0xa4c /var/folders/qz/8dvj07d52mjgthd1ds8wvf400000gn/T//ccg5ycur.ltrans8.ltrans.o
                0x0000000008006bbc                pgResetFn_serialConfig
                0x0000000008006c08                pgResetFn_controlRateProfiles
                0x0000000008006c28                taskCalculateAltitude
                0x0000000008006eac                enableFlightMode
                0x0000000008006ebc                handleOneshotFeatureChangeOnRestart
                0x0000000008006f10                writeEEPROM
                0x00000000080070f0                resetConf.lto_priv.113
                0x00000000080071b8                generateThrottleCurve
                0x000000000800724c                generateYawCurve
                0x0000000008007280                generatePitchRollCurve
                0x00000000080072bc                readEEPROM
                0x0000000008007594                isRangeActive.part.0
                0x00000000080075e0                getRcStickDeflection
 .text          0x0000000008007608      0x664 /var/folders/qz/8dvj07d52mjgthd1ds8wvf400000gn/T//ccg5ycur.ltrans9.ltrans.o
                0x0000000008007608                uartOpen.constprop.65
                0x00000000080079c8                accSetCalibrationCycles.constprop.47
                0x00000000080079d8                FLASH_WaitForLastOperation.constprop.30
                0x00000000080079fc                parseRcChannels.constprop.25
                0x0000000008007a3c                calculateThrottleStatus.constprop.22
                0x0000000008007a70                setAdjustment.isra.0.constprop.21
                0x0000000008007a84                putchw.constprop.4
                0x0000000008007ada                itoa.constprop.1
                0x0000000008007afe                TIM_ICInit
                0x0000000008007c0a                I2C_Init
 .text          0x0000000008007c6c      0x754 /var/folders/qz/8dvj07d52mjgthd1ds8wvf400000gn/T//ccg5ycur.ltrans10.ltrans.o
                0x0000000008007d54                mpuIsDataReady
                0x0000000008007d68                mpuGyroRead
                0x0000000008007db0                mpuAccRead
                0x0000000008007fce                mpuWriteRegisterI2C.lto_priv.254
                0x0000000008007fd8                mpuReadRegisterI2C.lto_priv.253
                0x0000000008008190                mpu6050GyroInit.lto_priv.252
                0x00000000080081f4                mpu6050AccInit.lto_priv.251
                0x000000000800821c                openSoftSerial
                0x0000000008008384                pwmICConfig
 .text          0x00000000080083c0      0x9f8 /var/folders/qz/8dvj07d52mjgthd1ds8wvf400000gn/T//ccg5ycur.ltrans11.ltrans.o
                0x00000000080083c0                LED_loop
                0x00000000080084c4                App_DataReceive.lto_priv.240
                0x0000000008008540                FLASH_ErasePage.part.4
                0x0000000008008568                FLASH_GetStatus
                0x0000000008008590                FLASH_ProgramWord
                0x00000000080085d8                FLASH_Unlock
                0x00000000080085f4                DMA_Init
                0x0000000008008630                DMA_DeInit
                0x0000000008008720                RCC_GetClocksFreq
                0x0000000008008a00                GPIO_Init
                0x0000000008008a8a                calculate_real_pressure
                0x0000000008008ba4                Read_data
                0x0000000008008be8                taskFbm320
                0x0000000008008d30                SetRX_Mode
                0x0000000008008d94                NRF_Read_Buf.lto_priv.198
 .text          0x0000000008008db8      0x788 /var/folders/qz/8dvj07d52mjgthd1ds8wvf400000gn/T//ccg5ycur.ltrans12.ltrans.o
                0x0000000008008db8                taskUpdateRxCheck
                0x0000000008008e70                taskUpdateBattery
                0x00000000080090c4                taskHandleSerial
                0x0000000008009320                taskUpdateAccelerometer
 .text          0x0000000008009540      0x5c0 /var/folders/qz/8dvj07d52mjgthd1ds8wvf400000gn/T//ccg5ycur.ltrans13.ltrans.o
                0x0000000008009540                esc4wayProcess
 .text          0x0000000008009b00      0x5b4 /var/folders/qz/8dvj07d52mjgthd1ds8wvf400000gn/T//ccg5ycur.ltrans14.ltrans.o
                0x0000000008009b00                cliPutp.lto_priv.108
                0x0000000008009b04                cliVarPtr.lto_priv.126
                0x0000000008009b6c                cliWrite.lto_priv.156
                0x0000000008009b7c                cliPrintf.lto_priv.124
                0x0000000008009d50                cliPrintVar.lto_priv.125
                0x0000000008009e2c                cliRateProfile.lto_priv.149
                0x0000000008009e78                cliProfile.lto_priv.148
                0x0000000008009eb0                cliPlaySound.lto_priv.147
                0x0000000008009eec                cliMotor.lto_priv.146
                0x0000000008009f88                cliPrint.lto_priv.115
                0x0000000008009fa4                cliMixer.lto_priv.145
                0x000000000800a044                cliReboot.lto_priv.155
                0x000000000800a080                cliDefaults.lto_priv.143
                0x000000000800a09c                cliSave.lto_priv.150
 .text          0x000000000800a0b4      0x654 /var/folders/qz/8dvj07d52mjgthd1ds8wvf400000gn/T//ccg5ycur.ltrans15.ltrans.o
                0x000000000800a1e4                StkRcvPacket.lto_priv.160
                0x000000000800a2c0                StkSendByte.lto_priv.158
                0x000000000800a344                StkSendPacketFooter.lto_priv.159
                0x000000000800a37c                StkSendPacketHeader.lto_priv.157
                0x000000000800a3d8                _CMD_PROGRAM_MEM_ISP.lto_priv.167
                0x000000000800a450                _CMD_READ_MEM_ISP.lto_priv.169
                0x000000000800a488                crc16Byte.lto_priv.175
                0x000000000800a4ac                BL_SendBuf.lto_priv.172
                0x000000000800a518                suart_getc.lto_priv.174
                0x000000000800a59c                BL_GetACK.lto_priv.173
                0x000000000800a5b4                BL_SendCMDSetAddress.isra.1.lto_priv.171
                0x000000000800a5f8                BL_ReadA.lto_priv.170
                0x000000000800a68e                BL_WriteA.lto_priv.168
 .text          0x000000000800a708      0x770 /var/folders/qz/8dvj07d52mjgthd1ds8wvf400000gn/T//ccg5ycur.ltrans16.ltrans.o
                0x000000000800a708                pgResetFn_accelerometerConfig
                0x000000000800a734                rxMspReadRawRC.lto_priv.248
                0x000000000800a740                ppmReadRawRC.lto_priv.247
                0x000000000800a74c                pwmReadRawRC.lto_priv.246
                0x000000000800a758                nullReadRawRC.lto_priv.196
                0x000000000800a75c                pgResetFn_failsafeChannelConfigs
                0x000000000800a7c8                pgResetFn_channelRanges
                0x000000000800a7e2                cliVersion.lto_priv.154
                0x000000000800a818                cliTasks.lto_priv.153
                0x000000000800a8dc                cliStatus.lto_priv.152
                0x000000000800a9fc                cliGet.lto_priv.144
                0x000000000800aa60                cliSet.lto_priv.151
                0x000000000800ac60                alignSensors
                0x000000000800ad64                batteryAdcToVoltage
                0x000000000800ad98                updateBatteryVoltage.lto_priv.218
                0x000000000800ae20                resumeRxSignal
                0x000000000800ae4c                suspendRxSignal
 .text          0x000000000800ae78       0xe4 /var/folders/qz/8dvj07d52mjgthd1ds8wvf400000gn/T//ccg5ycur.ltrans17.ltrans.o
                0x000000000800ae78                spiTransferByte.constprop.79
                0x000000000800aeb8                spiTransfer.constprop.78
                0x000000000800af1c                NVIC_Init.part.0.constprop.73
 .text          0x000000000800af5c       0xc4 /var/folders/qz/8dvj07d52mjgthd1ds8wvf400000gn/T//ccg5ycur.ltrans18.ltrans.o
                0x000000000800af5c                mwArm
                0x000000000800afbc                mwDisarm
                0x000000000800afd0                isCalibrating
                0x000000000800b008                HardFault_Handler
 .text          0x000000000800b020       0xa8 /var/folders/qz/8dvj07d52mjgthd1ds8wvf400000gn/T//ccg5ycur.ltrans19.ltrans.o
                0x000000000800b020                taskUpdateBaro
 .text          0x000000000800b0c8       0x24 /var/folders/qz/8dvj07d52mjgthd1ds8wvf400000gn/T//ccg5ycur.ltrans20.ltrans.o
                0x000000000800b0c8                NRF_Write_Reg.lto_priv.111
 .text          0x000000000800b0ec       0x14 /opt/gcc-arm-none-eabi-5_4-2016q3/bin/../lib/gcc/arm-none-eabi/5.4.1/../../../../arm-none-eabi/lib/armv7e-m/fpu/libc_nano.a(lib_a-strcmp.o)
                0x000000000800b0ec                strcmp
 .text          0x000000000800b100       0x10 /opt/gcc-arm-none-eabi-5_4-2016q3/bin/../lib/gcc/arm-none-eabi/5.4.1/../../../../arm-none-eabi/lib/armv7e-m/fpu/libc_nano.a(lib_a-strlen.o)
                0x000000000800b100                strlen
 .text          0x000000000800b110      0x370 /opt/gcc-arm-none-eabi-5_4-2016q3/bin/../lib/gcc/arm-none-eabi/5.4.1/armv7e-m/fpu/libgcc.a(_arm_addsubdf3.o)
                0x000000000800b110                __aeabi_drsub
                0x000000000800b118                __subdf3
                0x000000000800b118                __aeabi_dsub
                0x000000000800b11c                __aeabi_dadd
                0x000000000800b11c                __adddf3
                0x000000000800b394                __aeabi_ui2d
                0x000000000800b394                __floatunsidf
                0x000000000800b3b4                __floatsidf
                0x000000000800b3b4                __aeabi_i2d
                0x000000000800b3d8                __extendsfdf2
                0x000000000800b3d8                __aeabi_f2d
                0x000000000800b414                __aeabi_ul2d
                0x000000000800b414                __floatundidf
                0x000000000800b424                __aeabi_l2d
                0x000000000800b424                __floatdidf
 .text          0x000000000800b480      0x424 /opt/gcc-arm-none-eabi-5_4-2016q3/bin/../lib/gcc/arm-none-eabi/5.4.1/armv7e-m/fpu/libgcc.a(_arm_muldivdf3.o)
                0x000000000800b480                __aeabi_dmul
                0x000000000800b480                __muldf3
                0x000000000800b6d4                __aeabi_ddiv
                0x000000000800b6d4                __divdf3
 .text          0x000000000800b8a4      0x110 /opt/gcc-arm-none-eabi-5_4-2016q3/bin/../lib/gcc/arm-none-eabi/5.4.1/armv7e-m/fpu/libgcc.a(_arm_cmpdf2.o)
                0x000000000800b8a4                __gtdf2
                0x000000000800b8a4                __gedf2
                0x000000000800b8ac                __ltdf2
                0x000000000800b8ac                __ledf2
                0x000000000800b8b4                __eqdf2
                0x000000000800b8b4                __nedf2
                0x000000000800b8b4                __cmpdf2
                0x000000000800b930                __aeabi_cdrcmple
                0x000000000800b940                __aeabi_cdcmple
                0x000000000800b940                __aeabi_cdcmpeq
                0x000000000800b950                __aeabi_dcmpeq
                0x000000000800b964                __aeabi_dcmplt
                0x000000000800b978                __aeabi_dcmple
                0x000000000800b98c                __aeabi_dcmpge
                0x000000000800b9a0                __aeabi_dcmpgt
 .text          0x000000000800b9b4       0x2c /opt/gcc-arm-none-eabi-5_4-2016q3/bin/../lib/gcc/arm-none-eabi/5.4.1/armv7e-m/fpu/libgcc.a(_arm_unorddf2.o)
                0x000000000800b9b4                __aeabi_dcmpun
                0x000000000800b9b4                __unorddf2
 .text          0x000000000800b9e0       0xa0 /opt/gcc-arm-none-eabi-5_4-2016q3/bin/../lib/gcc/arm-none-eabi/5.4.1/armv7e-m/fpu/libgcc.a(_arm_truncdfsf2.o)
                0x000000000800b9e0                __aeabi_d2f
                0x000000000800b9e0                __truncdfsf2
 .text          0x000000000800ba80       0xa0 /opt/gcc-arm-none-eabi-5_4-2016q3/bin/../lib/gcc/arm-none-eabi/5.4.1/armv7e-m/fpu/libgcc.a(_aeabi_ldivmod.o)
                0x000000000800ba80                __aeabi_ldivmod
 .text          0x000000000800bb20       0x28 /opt/gcc-arm-none-eabi-5_4-2016q3/bin/../lib/gcc/arm-none-eabi/5.4.1/armv7e-m/fpu/libgcc.a(_popcountsi2.o)
                0x000000000800bb20                __popcountsi2
 .text          0x000000000800bb48      0x2e4 /opt/gcc-arm-none-eabi-5_4-2016q3/bin/../lib/gcc/arm-none-eabi/5.4.1/armv7e-m/fpu/libgcc.a(_udivmoddi4.o)
                0x000000000800bb48                __udivmoddi4
 .text          0x000000000800be2c        0x4 /opt/gcc-arm-none-eabi-5_4-2016q3/bin/../lib/gcc/arm-none-eabi/5.4.1/armv7e-m/fpu/libgcc.a(_dvmd_tls.o)
                0x000000000800be2c                __aeabi_ldiv0
                0x000000000800be2c                __aeabi_idiv0
 *(.text*)
 .text.Reset_Handler
                0x000000000800be30       0x68 obj/main/SPRACINGF3/startup_stm32f30x_md_gcc.o
                0x000000000800be30                Reset_Handler
 .text.Default_Handler
                0x000000000800be98        0x2 obj/main/SPRACINGF3/startup_stm32f30x_md_gcc.o
                0x000000000800be98                DMA2_Channel3_IRQHandler
                0x000000000800be98                TIM8_TRG_COM_IRQHandler
                0x000000000800be98                TIM8_CC_IRQHandler
                0x000000000800be98                DebugMon_Handler
                0x000000000800be98                USB_HP_IRQHandler
                0x000000000800be98                PVD_IRQHandler
                0x000000000800be98                PendSV_Handler
                0x000000000800be98                NMI_Handler
                0x000000000800be98                I2C2_EV_IRQHandler
                0x000000000800be98                FPU_IRQHandler
                0x000000000800be98                UsageFault_Handler
                0x000000000800be98                ADC1_2_IRQHandler
                0x000000000800be98                SPI1_IRQHandler
                0x000000000800be98                TIM6_DAC_IRQHandler
                0x000000000800be98                TIM8_UP_IRQHandler
                0x000000000800be98                DMA2_Channel2_IRQHandler
                0x000000000800be98                CAN1_RX1_IRQHandler
                0x000000000800be98                UART5_IRQHandler
                0x000000000800be98                ADC3_IRQHandler
                0x000000000800be98                DMA2_Channel1_IRQHandler
                0x000000000800be98                I2C1_EV_IRQHandler
                0x000000000800be98                UART4_IRQHandler
                0x000000000800be98                DMA2_Channel4_IRQHandler
                0x000000000800be98                RCC_IRQHandler
                0x000000000800be98                Default_Handler
                0x000000000800be98                USBWakeUp_RMP_IRQHandler
                0x000000000800be98                TIM7_IRQHandler
                0x000000000800be98                TAMPER_STAMP_IRQHandler
                0x000000000800be98                RTC_WKUP_IRQHandler
                0x000000000800be98                SPI2_IRQHandler
                0x000000000800be98                MemManage_Handler
                0x000000000800be98                SVC_Handler
                0x000000000800be98                DMA2_Channel5_IRQHandler
                0x000000000800be98                USB_LP_IRQHandler
                0x000000000800be98                USB_LP_CAN1_RX0_IRQHandler
                0x000000000800be98                USB_HP_CAN1_TX_IRQHandler
                0x000000000800be98                ADC4_IRQHandler
                0x000000000800be98                WWDG_IRQHandler
                0x000000000800be98                COMP7_IRQHandler
                0x000000000800be98                COMP1_2_3_IRQHandler
                0x000000000800be98                COMP4_5_6_IRQHandler
                0x000000000800be98                I2C2_ER_IRQHandler
                0x000000000800be98                TIM8_BRK_IRQHandler
                0x000000000800be98                CAN1_SCE_IRQHandler
                0x000000000800be98                FLASH_IRQHandler
                0x000000000800be98                BusFault_Handler
                0x000000000800be98                SPI3_IRQHandler
                0x000000000800be98                I2C1_ER_IRQHandler
                0x000000000800be98                USBWakeUp_IRQHandler
                0x000000000800be98                RTC_Alarm_IRQHandler
 *fill*         0x000000000800be9a        0x2 
 .text.startup  0x000000000800be9c     0x1af0 /var/folders/qz/8dvj07d52mjgthd1ds8wvf400000gn/T//ccg5ycur.ltrans0.ltrans.o
                0x000000000800be9c                main
 .text.atoi     0x000000000800d98c        0x8 /opt/gcc-arm-none-eabi-5_4-2016q3/bin/../lib/gcc/arm-none-eabi/5.4.1/../../../../arm-none-eabi/lib/armv7e-m/fpu/libc_nano.a(lib_a-atoi.o)
                0x000000000800d98c                atoi
 .text.__get_current_locale
                0x000000000800d994       0x18 /opt/gcc-arm-none-eabi-5_4-2016q3/bin/../lib/gcc/arm-none-eabi/5.4.1/../../../../arm-none-eabi/lib/armv7e-m/fpu/libc_nano.a(lib_a-locale.o)
 .text.__locale_ctype_ptr_l
                0x000000000800d9ac        0x6 /opt/gcc-arm-none-eabi-5_4-2016q3/bin/../lib/gcc/arm-none-eabi/5.4.1/../../../../arm-none-eabi/lib/armv7e-m/fpu/libc_nano.a(lib_a-locale.o)
                0x000000000800d9ac                __locale_ctype_ptr_l
 *fill*         0x000000000800d9b2        0x2 
 .text.__locale_ctype_ptr
                0x000000000800d9b4       0x14 /opt/gcc-arm-none-eabi-5_4-2016q3/bin/../lib/gcc/arm-none-eabi/5.4.1/../../../../arm-none-eabi/lib/armv7e-m/fpu/libc_nano.a(lib_a-locale.o)
                0x000000000800d9b4                __locale_ctype_ptr
 .text.__ascii_mbtowc
                0x000000000800d9c8       0x24 /opt/gcc-arm-none-eabi-5_4-2016q3/bin/../lib/gcc/arm-none-eabi/5.4.1/../../../../arm-none-eabi/lib/armv7e-m/fpu/libc_nano.a(lib_a-mbtowc_r.o)
                0x000000000800d9c8                __ascii_mbtowc
 .text.__strtok_r
                0x000000000800d9ec       0x56 /opt/gcc-arm-none-eabi-5_4-2016q3/bin/../lib/gcc/arm-none-eabi/5.4.1/../../../../arm-none-eabi/lib/armv7e-m/fpu/libc_nano.a(lib_a-strtok_r.o)
                0x000000000800d9ec                __strtok_r
 .text.strtok_r
                0x000000000800da42        0x6 /opt/gcc-arm-none-eabi-5_4-2016q3/bin/../lib/gcc/arm-none-eabi/5.4.1/../../../../arm-none-eabi/lib/armv7e-m/fpu/libc_nano.a(lib_a-strtok_r.o)
                0x000000000800da42                strtok_r
 .text._strtol_l.isra.0
                0x000000000800da48      0x110 /opt/gcc-arm-none-eabi-5_4-2016q3/bin/../lib/gcc/arm-none-eabi/5.4.1/../../../../arm-none-eabi/lib/armv7e-m/fpu/libc_nano.a(lib_a-strtol.o)
 .text.strtol   0x000000000800db58       0x2c /opt/gcc-arm-none-eabi-5_4-2016q3/bin/../lib/gcc/arm-none-eabi/5.4.1/../../../../arm-none-eabi/lib/armv7e-m/fpu/libc_nano.a(lib_a-strtol.o)
                0x000000000800db58                strtol
 .text.__ascii_wctomb
                0x000000000800db84       0x1a /opt/gcc-arm-none-eabi-5_4-2016q3/bin/../lib/gcc/arm-none-eabi/5.4.1/../../../../arm-none-eabi/lib/armv7e-m/fpu/libc_nano.a(lib_a-wctomb_r.o)
                0x000000000800db84                __ascii_wctomb
 *fill*         0x000000000800db9e        0x2 
 .text.lrintf   0x000000000800dba0       0x90 /opt/gcc-arm-none-eabi-5_4-2016q3/bin/../lib/gcc/arm-none-eabi/5.4.1/../../../../arm-none-eabi/lib/armv7e-m/fpu/libm.a(lib_a-sf_lrint.o)
                0x000000000800dba0                lrintf
 .text.pow      0x000000000800dc30      0x338 /opt/gcc-arm-none-eabi-5_4-2016q3/bin/../lib/gcc/arm-none-eabi/5.4.1/../../../../arm-none-eabi/lib/armv7e-m/fpu/libm.a(lib_a-w_pow.o)
                0x000000000800dc30                pow
 .text.sqrtf    0x000000000800df68       0xac /opt/gcc-arm-none-eabi-5_4-2016q3/bin/../lib/gcc/arm-none-eabi/5.4.1/../../../../arm-none-eabi/lib/armv7e-m/fpu/libm.a(lib_a-wf_sqrt.o)
                0x000000000800df68                sqrtf
 *fill*         0x000000000800e014        0x4 
 .text.__ieee754_pow
                0x000000000800e018      0xb10 /opt/gcc-arm-none-eabi-5_4-2016q3/bin/../lib/gcc/arm-none-eabi/5.4.1/../../../../arm-none-eabi/lib/armv7e-m/fpu/libm.a(lib_a-e_pow.o)
                0x000000000800e018                __ieee754_pow
 .text.__ieee754_sqrt
                0x000000000800eb28      0x1a0 /opt/gcc-arm-none-eabi-5_4-2016q3/bin/../lib/gcc/arm-none-eabi/5.4.1/../../../../arm-none-eabi/lib/armv7e-m/fpu/libm.a(lib_a-e_sqrt.o)
                0x000000000800eb28                __ieee754_sqrt
 .text.__ieee754_sqrtf
                0x000000000800ecc8       0xa4 /opt/gcc-arm-none-eabi-5_4-2016q3/bin/../lib/gcc/arm-none-eabi/5.4.1/../../../../arm-none-eabi/lib/armv7e-m/fpu/libm.a(lib_a-ef_sqrt.o)
                0x000000000800ecc8                __ieee754_sqrtf
 .text.fabs     0x000000000800ed6c       0x10 /opt/gcc-arm-none-eabi-5_4-2016q3/bin/../lib/gcc/arm-none-eabi/5.4.1/../../../../arm-none-eabi/lib/armv7e-m/fpu/libm.a(lib_a-s_fabs.o)
                0x000000000800ed6c                fabs
 .text.finite   0x000000000800ed7c       0x10 /opt/gcc-arm-none-eabi-5_4-2016q3/bin/../lib/gcc/arm-none-eabi/5.4.1/../../../../arm-none-eabi/lib/armv7e-m/fpu/libm.a(lib_a-s_finite.o)
                0x000000000800ed7c                finite
 .text.matherr  0x000000000800ed8c        0x4 /opt/gcc-arm-none-eabi-5_4-2016q3/bin/../lib/gcc/arm-none-eabi/5.4.1/../../../../arm-none-eabi/lib/armv7e-m/fpu/libm.a(lib_a-s_matherr.o)
                0x000000000800ed8c                matherr
 .text.nan      0x000000000800ed90       0x10 /opt/gcc-arm-none-eabi-5_4-2016q3/bin/../lib/gcc/arm-none-eabi/5.4.1/../../../../arm-none-eabi/lib/armv7e-m/fpu/libm.a(lib_a-s_nan.o)
                0x000000000800ed90                nan
 .text.rint     0x000000000800eda0      0x128 /opt/gcc-arm-none-eabi-5_4-2016q3/bin/../lib/gcc/arm-none-eabi/5.4.1/../../../../arm-none-eabi/lib/armv7e-m/fpu/libm.a(lib_a-s_rint.o)
                0x000000000800eda0                rint
 .text.scalbn   0x000000000800eec8      0x10c /opt/gcc-arm-none-eabi-5_4-2016q3/bin/../lib/gcc/arm-none-eabi/5.4.1/../../../../arm-none-eabi/lib/armv7e-m/fpu/libm.a(lib_a-s_scalbn.o)
                0x000000000800eec8                scalbn
 .text.copysign
                0x000000000800efd4       0x1c /opt/gcc-arm-none-eabi-5_4-2016q3/bin/../lib/gcc/arm-none-eabi/5.4.1/../../../../arm-none-eabi/lib/armv7e-m/fpu/libm.a(lib_a-s_copysign.o)
                0x000000000800efd4                copysign
 .text.__errno  0x000000000800eff0        0xc /opt/gcc-arm-none-eabi-5_4-2016q3/bin/../lib/gcc/arm-none-eabi/5.4.1/../../../../arm-none-eabi/lib/armv7e-m/fpu/libc_nano.a(lib_a-errno.o)
                0x000000000800eff0                __errno
 .text.memcmp   0x000000000800effc       0x1e /opt/gcc-arm-none-eabi-5_4-2016q3/bin/../lib/gcc/arm-none-eabi/5.4.1/../../../../arm-none-eabi/lib/armv7e-m/fpu/libc_nano.a(lib_a-memcmp.o)
                0x000000000800effc                memcmp
 .text.memcpy   0x000000000800f01a       0x16 /opt/gcc-arm-none-eabi-5_4-2016q3/bin/../lib/gcc/arm-none-eabi/5.4.1/../../../../arm-none-eabi/lib/armv7e-m/fpu/libc_nano.a(lib_a-memcpy-stub.o)
                0x000000000800f01a                memcpy
 .text.memmove  0x000000000800f030       0x36 /opt/gcc-arm-none-eabi-5_4-2016q3/bin/../lib/gcc/arm-none-eabi/5.4.1/../../../../arm-none-eabi/lib/armv7e-m/fpu/libc_nano.a(lib_a-memmove.o)
                0x000000000800f030                memmove
 .text.memset   0x000000000800f066       0x10 /opt/gcc-arm-none-eabi-5_4-2016q3/bin/../lib/gcc/arm-none-eabi/5.4.1/../../../../arm-none-eabi/lib/armv7e-m/fpu/libc_nano.a(lib_a-memset.o)
                0x000000000800f066                memset
 .text.strcasecmp
                0x000000000800f076       0x40 /opt/gcc-arm-none-eabi-5_4-2016q3/bin/../lib/gcc/arm-none-eabi/5.4.1/../../../../arm-none-eabi/lib/armv7e-m/fpu/libc_nano.a(lib_a-strcasecmp.o)
                0x000000000800f076                strcasecmp
 .text.strcat   0x000000000800f0b6       0x1e /opt/gcc-arm-none-eabi-5_4-2016q3/bin/../lib/gcc/arm-none-eabi/5.4.1/../../../../arm-none-eabi/lib/armv7e-m/fpu/libc_nano.a(lib_a-strcat.o)
                0x000000000800f0b6                strcat
 .text.strchr   0x000000000800f0d4       0x1c /opt/gcc-arm-none-eabi-5_4-2016q3/bin/../lib/gcc/arm-none-eabi/5.4.1/../../../../arm-none-eabi/lib/armv7e-m/fpu/libc_nano.a(lib_a-strchr.o)
                0x000000000800f0d4                strchr
 .text.strncasecmp
                0x000000000800f0f0       0x52 /opt/gcc-arm-none-eabi-5_4-2016q3/bin/../lib/gcc/arm-none-eabi/5.4.1/../../../../arm-none-eabi/lib/armv7e-m/fpu/libc_nano.a(lib_a-strncasecmp.o)
                0x000000000800f0f0                strncasecmp
 .text.strncpy  0x000000000800f142       0x26 /opt/gcc-arm-none-eabi-5_4-2016q3/bin/../lib/gcc/arm-none-eabi/5.4.1/../../../../arm-none-eabi/lib/armv7e-m/fpu/libc_nano.a(lib_a-strncpy.o)
                0x000000000800f142                strncpy
 .text.strstr   0x000000000800f168       0x34 /opt/gcc-arm-none-eabi-5_4-2016q3/bin/../lib/gcc/arm-none-eabi/5.4.1/../../../../arm-none-eabi/lib/armv7e-m/fpu/libc_nano.a(lib_a-strstr.o)
                0x000000000800f168                strstr
 *(.rodata)
 .rodata        0x000000000800f19c      0x1bc /var/folders/qz/8dvj07d52mjgthd1ds8wvf400000gn/T//ccg5ycur.ltrans0.ltrans.o
                0x000000000800f19c                ioDefUsedMask.lto_priv.271
                0x000000000800f1a8                timerHardware
 .rodata        0x000000000800f358      0x128 /var/folders/qz/8dvj07d52mjgthd1ds8wvf400000gn/T//ccg5ycur.ltrans1.ltrans.o
                0x000000000800f394                boxes.lto_priv.183
                0x000000000800f474                shortGitRevision
                0x000000000800f478                buildTime
                0x000000000800f47c                buildDate
 .rodata        0x000000000800f480      0x788 /var/folders/qz/8dvj07d52mjgthd1ds8wvf400000gn/T//ccg5ycur.ltrans5.ltrans.o
                0x000000000800f480                cmdTable
                0x000000000800f71c                baudRates
                0x000000000800fb58                mixerQuadX.lto_priv.257
 .rodata        0x000000000800fc08       0x12 /var/folders/qz/8dvj07d52mjgthd1ds8wvf400000gn/T//ccg5ycur.ltrans8.ltrans.o
                0x000000000800fc08                serialPortIdentifiers
 *fill*         0x000000000800fc1a        0x2 
 .rodata        0x000000000800fc1c       0x3d /var/folders/qz/8dvj07d52mjgthd1ds8wvf400000gn/T//ccg5ycur.ltrans9.ltrans.o
                0x000000000800fc44                rcChannelLetters
 *fill*         0x000000000800fc59        0x3 
 .rodata        0x000000000800fc5c       0x48 /var/folders/qz/8dvj07d52mjgthd1ds8wvf400000gn/T//ccg5ycur.ltrans10.ltrans.o
 .rodata        0x000000000800fca4       0x1a /var/folders/qz/8dvj07d52mjgthd1ds8wvf400000gn/T//ccg5ycur.ltrans13.ltrans.o
 *fill*         0x000000000800fcbe        0x2 
 .rodata        0x000000000800fcc0       0x68 /var/folders/qz/8dvj07d52mjgthd1ds8wvf400000gn/T//ccg5ycur.ltrans14.ltrans.o
                0x000000000800fcc0                mixerNames.lto_priv.141
 .rodata        0x000000000800fd28      0x9f4 /var/folders/qz/8dvj07d52mjgthd1ds8wvf400000gn/T//ccg5ycur.ltrans16.ltrans.o
                0x000000000800fe08                valueTable
                0x0000000008010624                lookupTables.lto_priv.127
                0x0000000008010674                lookupTablePidDeltaMethod.lto_priv.139
                0x000000000801067c                lookupTableGyroLpf.lto_priv.138
                0x0000000008010694                lookupTableGyroFilter.lto_priv.137
                0x00000000080106a4                lookupTableSerialRX.lto_priv.136
                0x00000000080106c4                lookupTablePidController.lto_priv.135
                0x00000000080106d0                lookupTableGimbalMode.lto_priv.134
                0x00000000080106d8                lookupTableCurrentSensor.lto_priv.133
                0x00000000080106e4                lookupTableAlignment.lto_priv.132
                0x0000000008010708                lookupTableUnit.lto_priv.131
                0x0000000008010710                lookupTableOffOn.lto_priv.130
                0x0000000008010718                SystemCoreClock
 *(.rodata*)
 .rodata.str1.1
                0x000000000801071c      0x12b /var/folders/qz/8dvj07d52mjgthd1ds8wvf400000gn/T//ccg5ycur.ltrans1.ltrans.o
                                        0x12f (size before relaxing)
 .rodata.str1.1
                0x0000000008010847        0x4 /var/folders/qz/8dvj07d52mjgthd1ds8wvf400000gn/T//ccg5ycur.ltrans2.ltrans.o
 .rodata.str1.1
                0x000000000801084b      0x5d6 /var/folders/qz/8dvj07d52mjgthd1ds8wvf400000gn/T//ccg5ycur.ltrans5.ltrans.o
                                        0x649 (size before relaxing)
 .rodata.str1.1
                0x0000000008010e21       0x5f /var/folders/qz/8dvj07d52mjgthd1ds8wvf400000gn/T//ccg5ycur.ltrans7.ltrans.o
                                         0x6d (size before relaxing)
 .rodata.str1.1
                0x0000000008010e80        0x9 /var/folders/qz/8dvj07d52mjgthd1ds8wvf400000gn/T//ccg5ycur.ltrans8.ltrans.o
 .rodata.str1.1
                0x0000000008010e89       0x30 /var/folders/qz/8dvj07d52mjgthd1ds8wvf400000gn/T//ccg5ycur.ltrans12.ltrans.o
                                         0x33 (size before relaxing)
 .rodata.str1.1
                0x0000000008010eb9        0xa /var/folders/qz/8dvj07d52mjgthd1ds8wvf400000gn/T//ccg5ycur.ltrans13.ltrans.o
 .rodata.str1.1
                0x0000000008010ec3      0x15e /var/folders/qz/8dvj07d52mjgthd1ds8wvf400000gn/T//ccg5ycur.ltrans14.ltrans.o
                                        0x1cb (size before relaxing)
 .rodata.str1.1
                0x0000000008011021      0x9ad /var/folders/qz/8dvj07d52mjgthd1ds8wvf400000gn/T//ccg5ycur.ltrans16.ltrans.o
                                        0xa2c (size before relaxing)
 .rodata.str1.1
                0x00000000080119ce        0x8 /opt/gcc-arm-none-eabi-5_4-2016q3/bin/../lib/gcc/arm-none-eabi/5.4.1/../../../../arm-none-eabi/lib/armv7e-m/fpu/libc_nano.a(lib_a-locale.o)
                                          0xb (size before relaxing)
 .rodata._ctype_
                0x00000000080119d6      0x101 /opt/gcc-arm-none-eabi-5_4-2016q3/bin/../lib/gcc/arm-none-eabi/5.4.1/../../../../arm-none-eabi/lib/armv7e-m/fpu/libc_nano.a(lib_a-ctype_.o)
                0x00000000080119d6                _ctype_
 *fill*         0x0000000008011ad7        0x1 
 .rodata.TWO23  0x0000000008011ad8        0x8 /opt/gcc-arm-none-eabi-5_4-2016q3/bin/../lib/gcc/arm-none-eabi/5.4.1/../../../../arm-none-eabi/lib/armv7e-m/fpu/libm.a(lib_a-sf_lrint.o)
 .rodata.str1.4
                0x0000000008011ae0        0x4 /opt/gcc-arm-none-eabi-5_4-2016q3/bin/../lib/gcc/arm-none-eabi/5.4.1/../../../../arm-none-eabi/lib/armv7e-m/fpu/libm.a(lib_a-w_pow.o)
 .rodata.str1.4
                0x0000000008011ae4        0x6 /opt/gcc-arm-none-eabi-5_4-2016q3/bin/../lib/gcc/arm-none-eabi/5.4.1/../../../../arm-none-eabi/lib/armv7e-m/fpu/libm.a(lib_a-wf_sqrt.o)
 *fill*         0x0000000008011aea        0x2 
 .rodata.str1.4
                0x0000000008011aec        0x4 /opt/gcc-arm-none-eabi-5_4-2016q3/bin/../lib/gcc/arm-none-eabi/5.4.1/../../../../arm-none-eabi/lib/armv7e-m/fpu/libm.a(lib_a-e_pow.o)
                                          0x1 (size before relaxing)
 .rodata.TWO52  0x0000000008011af0       0x10 /opt/gcc-arm-none-eabi-5_4-2016q3/bin/../lib/gcc/arm-none-eabi/5.4.1/../../../../arm-none-eabi/lib/armv7e-m/fpu/libm.a(lib_a-s_rint.o)
 *(.glue_7)
 .glue_7        0x0000000008011b00        0x0 linker stubs
 *(.glue_7t)
 .glue_7t       0x0000000008011b00        0x0 linker stubs
 *(.eh_frame)
 *(.init)
 *(.fini)
                0x0000000008011b00                . = ALIGN (0x4)
                0x0000000008011b00                _etext = .

.vfp11_veneer   0x0000000008011b00        0x0
 .vfp11_veneer  0x0000000008011b00        0x0 linker stubs

.v4_bx          0x0000000008011b00        0x0
 .v4_bx         0x0000000008011b00        0x0 linker stubs

.iplt           0x0000000008011b00        0x0
 .iplt          0x0000000008011b00        0x0 obj/main/SPRACINGF3/startup_stm32f30x_md_gcc.o

.ARM.extab
 *(.ARM.extab* .gnu.linkonce.armextab.*)

.ARM            0x0000000008011b00        0x8
                0x0000000008011b00                __exidx_start = .
 *(.ARM.exidx*)
 .ARM.exidx     0x0000000008011b00        0x8 /opt/gcc-arm-none-eabi-5_4-2016q3/bin/../lib/gcc/arm-none-eabi/5.4.1/armv7e-m/fpu/libgcc.a(_udivmoddi4.o)
                0x0000000008011b08                __exidx_end = .

.preinit_array  0x0000000008011b08        0x0
                [!provide]                        PROVIDE (__preinit_array_start, .)
 *(.preinit_array*)
                [!provide]                        PROVIDE (__preinit_array_end, .)

.init_array     0x0000000008011b08        0x0
                [!provide]                        PROVIDE (__init_array_start, .)
 *(SORT(.init_array.*))
 *(.init_array*)
                [!provide]                        PROVIDE (__init_array_end, .)

.fini_array     0x0000000008011b08        0x0
                [!provide]                        PROVIDE (__fini_array_start, .)
 *(.fini_array*)
 *(SORT(.fini_array.*))
                [!provide]                        PROVIDE (__fini_array_end, .)

.pg_registry    0x0000000008011b08      0x200
                0x0000000008011b08                PROVIDE (__pg_registry_start, .)
 *(.pg_registry)
 .pg_registry   0x0000000008011b08       0x20 /var/folders/qz/8dvj07d52mjgthd1ds8wvf400000gn/T//ccg5ycur.ltrans0.ltrans.o
                0x0000000008011b08                sensorSelectionConfig_Registry
                0x0000000008011b18                systemConfig_Registry
 .pg_registry   0x0000000008011b28      0x130 /var/folders/qz/8dvj07d52mjgthd1ds8wvf400000gn/T//ccg5ycur.ltrans1.ltrans.o
                0x0000000008011b28                pidProfile_Registry
                0x0000000008011b38                profileSelection_Registry
                0x0000000008011b48                featureConfig_Registry
                0x0000000008011b58                sensorAlignmentConfig_Registry
                0x0000000008011b68                rcControlsConfig_Registry
                0x0000000008011b78                motor3DConfig_Registry
                0x0000000008011b88                serialConfig_Registry
                0x0000000008011b98                failsafeChannelConfigs_Registry
                0x0000000008011ba8                boardAlignment_Registry
                0x0000000008011bb8                accelerometerConfig_Registry
                0x0000000008011bc8                compassConfig_Registry
                0x0000000008011bd8                failsafeConfig_Registry
                0x0000000008011be8                motorAndServoConfig_Registry
                0x0000000008011bf8                adjustmentProfile_Registry
                0x0000000008011c08                modeActivationProfile_Registry
                0x0000000008011c18                imuConfig_Registry
                0x0000000008011c28                armingConfig_Registry
                0x0000000008011c38                batteryConfig_Registry
                0x0000000008011c48                mixerConfig_Registry
 .pg_registry   0x0000000008011c58       0x20 /var/folders/qz/8dvj07d52mjgthd1ds8wvf400000gn/T//ccg5ycur.ltrans4.ltrans.o
                0x0000000008011c58                gyroConfig_Registry
                0x0000000008011c68                airplaneConfig_Registry
 .pg_registry   0x0000000008011c78       0x10 /var/folders/qz/8dvj07d52mjgthd1ds8wvf400000gn/T//ccg5ycur.ltrans5.ltrans.o
                0x0000000008011c78                customMotorMixer_Registry
 .pg_registry   0x0000000008011c88       0x40 /var/folders/qz/8dvj07d52mjgthd1ds8wvf400000gn/T//ccg5ycur.ltrans8.ltrans.o
                0x0000000008011c88                barometerConfig_Registry
                0x0000000008011c98                throttleCorrectionConfig_Registry
                0x0000000008011ca8                sensorTrims_Registry
                0x0000000008011cb8                rateProfileSelection_Registry
 .pg_registry   0x0000000008011cc8       0x10 /var/folders/qz/8dvj07d52mjgthd1ds8wvf400000gn/T//ccg5ycur.ltrans9.ltrans.o
                0x0000000008011cc8                rxConfig_Registry
 .pg_registry   0x0000000008011cd8       0x10 /var/folders/qz/8dvj07d52mjgthd1ds8wvf400000gn/T//ccg5ycur.ltrans10.ltrans.o
                0x0000000008011cd8                pwmRxConfig_Registry
 .pg_registry   0x0000000008011ce8       0x10 /var/folders/qz/8dvj07d52mjgthd1ds8wvf400000gn/T//ccg5ycur.ltrans14.ltrans.o
                0x0000000008011ce8                controlRateProfiles_Registry
 .pg_registry   0x0000000008011cf8       0x10 /var/folders/qz/8dvj07d52mjgthd1ds8wvf400000gn/T//ccg5ycur.ltrans16.ltrans.o
                0x0000000008011cf8                channelRanges_Registry
 *(SORT(.pg_registry.*))
                0x0000000008011d08                PROVIDE (__pg_registry_end, .)

.pg_resetdata   0x0000000008011d08       0xa6
                0x0000000008011d08                PROVIDE (__pg_resetdata_start, .)
 *(.pg_resetdata)
 .pg_resetdata  0x0000000008011d08        0x2 /var/folders/qz/8dvj07d52mjgthd1ds8wvf400000gn/T//ccg5ycur.ltrans0.ltrans.o
                0x0000000008011d08                pgResetTemplate_systemConfig
 .pg_resetdata  0x0000000008011d0a       0x70 /var/folders/qz/8dvj07d52mjgthd1ds8wvf400000gn/T//ccg5ycur.ltrans1.ltrans.o
                0x0000000008011d0a                pgResetTemplate_rcControlsConfig
                0x0000000008011d12                pgResetTemplate_motor3DConfig
                0x0000000008011d18                pgResetTemplate_compassConfig
                0x0000000008011d1a                pgResetTemplate_failsafeConfig
                0x0000000008011d22                pgResetTemplate_motorAndServoConfig
                0x0000000008011d2e                pgResetTemplate_imuConfig
                0x0000000008011d3a                pgResetTemplate_armingConfig
                0x0000000008011d3e                pgResetTemplate_batteryConfig
                0x0000000008011d4c                pgResetTemplate_mixerConfig
                0x0000000008011d52                pgResetTemplate_pidProfile
 .pg_resetdata  0x0000000008011d7a        0x5 /var/folders/qz/8dvj07d52mjgthd1ds8wvf400000gn/T//ccg5ycur.ltrans4.ltrans.o
                0x0000000008011d7a                pgResetTemplate_gyroConfig
                0x0000000008011d7e                pgResetTemplate_airplaneConfig
 *fill*         0x0000000008011d7f        0x1 
 .pg_resetdata  0x0000000008011d80       0x14 /var/folders/qz/8dvj07d52mjgthd1ds8wvf400000gn/T//ccg5ycur.ltrans8.ltrans.o
                0x0000000008011d80                pgResetTemplate_barometerConfig
                0x0000000008011d90                pgResetTemplate_throttleCorrectionConfig
 .pg_resetdata  0x0000000008011d94       0x1a /var/folders/qz/8dvj07d52mjgthd1ds8wvf400000gn/T//ccg5ycur.ltrans9.ltrans.o
                0x0000000008011d94                pgResetTemplate_rxConfig
                0x0000000008011dae                PROVIDE (__pg_resetdata_end, .)
                0x0000000008011dae                _sidata = .

.rel.dyn        0x0000000008011db0        0x0
 .rel.iplt      0x0000000008011db0        0x0 obj/main/SPRACINGF3/startup_stm32f30x_md_gcc.o

.data           0x0000000020000000      0x4b4 load address 0x0000000008011dae
                0x0000000020000000                . = ALIGN (0x4)
                0x0000000020000000                _sdata = .
 *(.data)
 .data          0x0000000020000000        0x1 /var/folders/qz/8dvj07d52mjgthd1ds8wvf400000gn/T//ccg5ycur.ltrans1.ltrans.o
                0x0000000020000000                isUsingSticksToArm.lto_priv.186
 *fill*         0x0000000020000001        0x3 
 .data          0x0000000020000004        0x4 /var/folders/qz/8dvj07d52mjgthd1ds8wvf400000gn/T//ccg5ycur.ltrans2.ltrans.o
                0x0000000020000004                rcReadRawFunc.lto_priv.245
 .data          0x0000000020000008        0x8 /var/folders/qz/8dvj07d52mjgthd1ds8wvf400000gn/T//ccg5ycur.ltrans6.ltrans.o
                0x0000000020000008                q0.lto_priv.229
                0x000000002000000c                pid_controller
 .data          0x0000000020000010      0x1e4 /var/folders/qz/8dvj07d52mjgthd1ds8wvf400000gn/T//ccg5ycur.ltrans7.ltrans.o
                0x0000000020000010                realtimeGuardInterval.lto_priv.237
                0x0000000020000014                cfTasks
 .data          0x00000000200001f4       0x8c /var/folders/qz/8dvj07d52mjgthd1ds8wvf400000gn/T//ccg5ycur.ltrans9.ltrans.o
                0x00000000200001f4                dmaChannels
 .data          0x0000000020000280       0x35 /var/folders/qz/8dvj07d52mjgthd1ds8wvf400000gn/T//ccg5ycur.ltrans11.ltrans.o
                0x00000000200002b0                RX_ADDRESS
 *fill*         0x00000000200002b5        0x1 
 .data          0x00000000200002b6       0x1c /var/folders/qz/8dvj07d52mjgthd1ds8wvf400000gn/T//ccg5ycur.ltrans13.ltrans.o
                0x00000000200002b6                pwmMotorsEnabled.lto_priv.180
 *fill*         0x00000000200002d2        0x2 
 .data          0x00000000200002d4        0x4 /var/folders/qz/8dvj07d52mjgthd1ds8wvf400000gn/T//ccg5ycur.ltrans14.ltrans.o
 .data          0x00000000200002d8        0x6 /var/folders/qz/8dvj07d52mjgthd1ds8wvf400000gn/T//ccg5ycur.ltrans16.ltrans.o
                0x00000000200002d8                batteryCellCount
                0x00000000200002d9                detectedSensors
                0x00000000200002dd                standardBoardAlignment.lto_priv.255
 *(.data*)
 *fill*         0x00000000200002de        0x2 
 .data.__global_locale
                0x00000000200002e0      0x16c /opt/gcc-arm-none-eabi-5_4-2016q3/bin/../lib/gcc/arm-none-eabi/5.4.1/../../../../arm-none-eabi/lib/armv7e-m/fpu/libc_nano.a(lib_a-locale.o)
                0x00000000200002e0                __global_locale
 .data.impure_data
                0x000000002000044c       0x60 /opt/gcc-arm-none-eabi-5_4-2016q3/bin/../lib/gcc/arm-none-eabi/5.4.1/../../../../arm-none-eabi/lib/armv7e-m/fpu/libc_nano.a(lib_a-impure.o)
 .data._impure_ptr
                0x00000000200004ac        0x4 /opt/gcc-arm-none-eabi-5_4-2016q3/bin/../lib/gcc/arm-none-eabi/5.4.1/../../../../arm-none-eabi/lib/armv7e-m/fpu/libc_nano.a(lib_a-impure.o)
                0x00000000200004ac                _impure_ptr
 .data.__fdlib_version
                0x00000000200004b0        0x1 /opt/gcc-arm-none-eabi-5_4-2016q3/bin/../lib/gcc/arm-none-eabi/5.4.1/../../../../arm-none-eabi/lib/armv7e-m/fpu/libm.a(lib_a-s_lib_ver.o)
                0x00000000200004b0                __fdlib_version
                0x00000000200004b4                . = ALIGN (0x4)
 *fill*         0x00000000200004b1        0x3 
                0x00000000200004b4                _edata = .

.igot.plt       0x00000000200004b4        0x0 load address 0x0000000008012262
 .igot.plt      0x00000000200004b4        0x0 obj/main/SPRACINGF3/startup_stm32f30x_md_gcc.o
                0x00000000200004b4                . = ALIGN (0x4)

.bss            0x00000000200004b8     0x20dc load address 0x0000000008012262
                0x00000000200004b8                _sbss = .
                0x00000000200004b8                __bss_start__ = _sbss
 *(.bss)
 .bss           0x00000000200004b8      0x27c /var/folders/qz/8dvj07d52mjgthd1ds8wvf400000gn/T//ccg5ycur.ltrans0.ltrans.o
                0x00000000200004b8                ioRecs
                0x00000000200005e8                extiGroupPriority.lto_priv.270
                0x00000000200005f0                ppmDev
                0x000000002000071c                mpuDividerDrops.lto_priv.268
                0x000000002000071d                mpuDetectionResult
                0x0000000020000720                mpuConfiguration
                0x000000002000072c                mpuIntExtiConfig.lto_priv.269
 .bss           0x0000000020000734      0x674 /var/folders/qz/8dvj07d52mjgthd1ds8wvf400000gn/T//ccg5ycur.ltrans1.ltrans.o
                0x0000000020000734                mspPorts
                0x00000000200007d4                cliMode
                0x00000000200007d8                cliPort.lto_priv.129
                0x00000000200007dc                printfSerialPort.lto_priv.116
                0x00000000200007fc                cliWriter.lto_priv.128
                0x0000000020000800                armingFlags
                0x0000000020000802                serialConfig_System
                0x000000002000082c                mixerConfig_System
                0x0000000020000832                cycleTime
                0x0000000020000834                I2Cx.lto_priv.120
                0x0000000020000838                i2c1ErrorCount.lto_priv.121
                0x000000002000083a                i2c2ErrorCount.lto_priv.122
                0x000000002000083c                enabledSensors.lto_priv.123
                0x0000000020000840                flightModeFlags
                0x0000000020000844                rcModeActivationMask.lto_priv.181
                0x0000000020000848                activeBoxIds.lto_priv.249
                0x000000002000084c                profileSelection_System
                0x000000002000084e                averageSystemLoadPercent
                0x0000000020000850                acc
                0x000000002000085c                accSmooth
                0x0000000020000864                gyroADC
                0x0000000020000870                motor
                0x0000000020000888                rxRuntimeConfig
                0x000000002000088a                attitude
                0x0000000020000890                EstAlt.lto_priv.188
                0x0000000020000894                vario
                0x0000000020000898                vbat
                0x000000002000089c                mAhDrawn
                0x00000000200008a0                rssi
                0x00000000200008a2                batteryConfig_System
                0x00000000200008b0                amperage
                0x00000000200008b4                armingConfig_System
                0x00000000200008b8                imuConfig_System
                0x00000000200008c4                currentControlRateProfile
                0x00000000200008c8                pidProfile_ProfileCurrent
                0x00000000200008cc                modeActivationProfile_ProfileCurrent
                0x00000000200008d0                adjustmentProfile_ProfileCurrent
                0x00000000200008d4                motorAndServoConfig_System
                0x00000000200008e0                failsafeConfig_System
                0x00000000200008e8                compassConfig_ProfileCurrent
                0x00000000200008ec                debug
                0x00000000200008f4                accelerometerConfig_ProfileCurrent
                0x00000000200008f8                featureConfig_System
                0x00000000200008fc                boardAlignment_System
                0x0000000020000902                failsafeChannelConfigs_SystemArray
                0x0000000020000928                serialPortUsageList.lto_priv.142
                0x0000000020000964                motor3DConfig_System
                0x000000002000096c                rcControlsConfig_ProfileCurrent
                0x0000000020000970                sensorAlignmentConfig_System
                0x0000000020000974                escHardware
                0x0000000020000a34                pwmIOConfiguration.lto_priv.258
                0x0000000020000ac4                escCount.lto_priv.163
                0x0000000020000acc                mspFrame.lto_priv.117
                0x0000000020000af0                rxMspFrameDone.lto_priv.202
                0x0000000020000af2                motor_disarmed
                0x0000000020000b0a                stateFlags
                0x0000000020000d9c                magADC
 .bss           0x0000000020000da8       0x7e /var/folders/qz/8dvj07d52mjgthd1ds8wvf400000gn/T//ccg5ycur.ltrans2.ltrans.o
                0x0000000020000da8                rxUpdateAt.lto_priv.199
                0x0000000020000dac                rcSampleIndex.lto_priv.243
                0x0000000020000daf                RXDATA
                0x0000000020000dd0                mspData
                0x0000000020000e00                disarmAt.lto_priv.235
                0x0000000020000e07                rxSignalReceived.lto_priv.200
                0x0000000020000e08                calibratingG.lto_priv.233
                0x0000000020000e0a                calibratingB
                0x0000000020000e0c                AccInflightCalibrationMeasurementDone
                0x0000000020000e0d                AccInflightCalibrationSavetoEEProm
                0x0000000020000e10                InflightcalibratingA
                0x0000000020000e12                AccInflightCalibrationActive
                0x0000000020000e20                isRXDataNew.lto_priv.222
                0x0000000020000e21                haveUpdatedRcCommandsOnce.lto_priv.219
                0x0000000020000e22                initialRawThrottleHold.lto_priv.220
                0x0000000020000e24                initialThrottleHold.lto_priv.221
 *fill*         0x0000000020000e26        0x2 
 .bss           0x0000000020000e28      0x11d /var/folders/qz/8dvj07d52mjgthd1ds8wvf400000gn/T//ccg5ycur.ltrans3.ltrans.o
 *fill*         0x0000000020000f45        0x3 
 .bss           0x0000000020000f48      0x1ff /var/folders/qz/8dvj07d52mjgthd1ds8wvf400000gn/T//ccg5ycur.ltrans4.ltrans.o
                0x0000000020000f5c                gyroAlign
                0x0000000020000f5e                gyroConfig_System
                0x000000002000104c                gyroScale.lto_priv.250
                0x000000002000105c                smallAngleCosZ
                0x0000000020001068                headFreeModeHold
                0x000000002000106a                rxRefreshRate.lto_priv.244
                0x0000000020001084                currentMixer
                0x0000000020001146                motorControlEnable
 *fill*         0x0000000020001147        0x1 
 .bss           0x0000000020001148      0x105 /var/folders/qz/8dvj07d52mjgthd1ds8wvf400000gn/T//ccg5ycur.ltrans5.ltrans.o
                0x0000000020001148                cliBuffer.lto_priv.205
                0x0000000020001178                bufferIndex.lto_priv.204
                0x000000002000117c                customMotorMixer_SystemArray
                0x000000002000123c                StkCmd.lto_priv.161
                0x000000002000123d                stkInBuf.lto_priv.162
 *fill*         0x000000002000124d        0x3 
 .bss           0x0000000020001250      0x288 /var/folders/qz/8dvj07d52mjgthd1ds8wvf400000gn/T//ccg5ycur.ltrans6.ltrans.o
                0x0000000020001250                extiChannelRecs
                0x0000000020001290                rcCommand
                0x0000000020001298                lastITerm
                0x00000000200012a4                motorLimitReached
                0x00000000200012b4                ITermAngle.lto_priv.193
                0x00000000200012bc                dynP8
                0x00000000200012c4                dT
                0x00000000200012fc                dynD8
                0x0000000020001300                axisPID
                0x0000000020001306                motorCount
                0x0000000020001307                PIDweight
                0x0000000020001318                targetLooptime
                0x0000000020001334                gyro
                0x0000000020001348                lastITermf
                0x0000000020001360                motors.lto_priv.185
                0x0000000020001390                timerConfig
                0x00000000200014a8                q1.lto_priv.230
                0x00000000200014ac                q2.lto_priv.231
                0x00000000200014b0                q3.lto_priv.232
                0x00000000200014b4                rMat.lto_priv.192
 .bss           0x00000000200014d8       0x48 /var/folders/qz/8dvj07d52mjgthd1ds8wvf400000gn/T//ccg5ycur.ltrans7.ltrans.o
                0x00000000200014d8                totalWaitingTasksSamples.lto_priv.238
                0x00000000200014dc                totalWaitingTasks.lto_priv.239
                0x00000000200014e0                taskQueuePos.lto_priv.236
                0x00000000200014e4                taskQueueArray
                0x0000000020001510                currentTask.lto_priv.191
                0x0000000020001514                taskQueueSize.lto_priv.119
                0x0000000020001518                sysTickUptime.lto_priv.118
                0x000000002000151c                usTicks.lto_priv.265
 .bss           0x0000000020001520      0x128 /var/folders/qz/8dvj07d52mjgthd1ds8wvf400000gn/T//ccg5ycur.ltrans8.ltrans.o
                0x0000000020001520                currentTime
                0x0000000020001534                accTimeSum
                0x0000000020001538                accSumCount
                0x000000002000153c                accSum
                0x0000000020001548                accVelScale
                0x000000002000154c                barometerConfig_ProfileCurrent
                0x0000000020001554                AltHold
                0x0000000020001558                setVelocity
                0x0000000020001560                errorVelocityI
                0x0000000020001564                altHoldThrottleAdjustment
                0x0000000020001568                velocityControl
                0x000000002000156c                lookupThrottleRC.lto_priv.223
                0x0000000020001584                lookupYawRC.lto_priv.224
                0x0000000020001592                lookupPitchRollRC.lto_priv.225
                0x00000000200015a4                adjustmentStates
                0x00000000200015d4                accelerationTrims.lto_priv.206
                0x00000000200015e4                magneticDeclination
                0x00000000200015f8                throttleCorrectionConfig_ProfileCurrent
                0x00000000200015fc                imuRuntimeConfig.lto_priv.227
                0x0000000020001600                accDeadband.lto_priv.228
                0x0000000020001604                fc_acc
                0x0000000020001608                throttleAngleScale
 .bss           0x0000000020001648      0x770 /var/folders/qz/8dvj07d52mjgthd1ds8wvf400000gn/T//ccg5ycur.ltrans9.ltrans.o
                0x0000000020001648                uartPort1.lto_priv.275
                0x00000000200016ac                uartPort2.lto_priv.274
                0x0000000020001710                uartPort3.lto_priv.273
                0x0000000020001d74                calibratingA
                0x0000000020001d76                rxConfig_System
                0x0000000020001d90                activeFeaturesLatch.lto_priv.179
                0x0000000020001d94                rcData
 .bss           0x0000000020001db8      0x4a9 /var/folders/qz/8dvj07d52mjgthd1ds8wvf400000gn/T//ccg5ycur.ltrans10.ltrans.o
 *fill*         0x0000000020002261        0x3 
 .bss           0x0000000020002264       0xd4 /var/folders/qz/8dvj07d52mjgthd1ds8wvf400000gn/T//ccg5ycur.ltrans11.ltrans.o
                0x0000000020002268                flag
                0x0000000020002287                App_data
                0x000000002000228c                APP_DATA_FLAG
                0x0000000020002290                FB
 .bss           0x0000000020002338       0x65 /var/folders/qz/8dvj07d52mjgthd1ds8wvf400000gn/T//ccg5ycur.ltrans12.ltrans.o
                0x000000002000233d                ppmFrameCount.lto_priv.272
                0x0000000020002344                batteryWarningVoltage
                0x0000000020002346                batteryCriticalVoltage
                0x0000000020002368                accADC
                0x0000000020002374                accAlign
                0x000000002000239c                isAccelUpdatedAtLeastOnce.lto_priv.226
 *fill*         0x000000002000239d        0x3 
 .bss           0x00000000200023a0       0x10 /var/folders/qz/8dvj07d52mjgthd1ds8wvf400000gn/T//ccg5ycur.ltrans13.ltrans.o
                0x00000000200023a0                port.lto_priv.177
                0x00000000200023a6                crcIn.lto_priv.178
                0x00000000200023ae                crcOut.lto_priv.176
 .bss           0x00000000200023b0       0x26 /var/folders/qz/8dvj07d52mjgthd1ds8wvf400000gn/T//ccg5ycur.ltrans14.ltrans.o
                0x00000000200023b0                currentControlRateProfileIndex.lto_priv.187
                0x00000000200023b2                controlRateProfiles_SystemArray
 *fill*         0x00000000200023d6        0x2 
 .bss           0x00000000200023d8        0xf /var/folders/qz/8dvj07d52mjgthd1ds8wvf400000gn/T//ccg5ycur.ltrans15.ltrans.o
                0x00000000200023d8                escSelected
 *fill*         0x00000000200023e7        0x1 
 .bss           0x00000000200023e8       0xc0 /var/folders/qz/8dvj07d52mjgthd1ds8wvf400000gn/T//ccg5ycur.ltrans16.ltrans.o
                0x00000000200023e8                captures.lto_priv.201
                0x0000000020002400                batteryState.lto_priv.203
                0x0000000020002410                boardRotation.lto_priv.256
                0x0000000020002434                adcConfig
                0x0000000020002440                adcValues
                0x0000000020002446                vbatLatestADC
                0x0000000020002448                vbatFilterState.lto_priv.242
                0x000000002000246c                suspendRxSignalUntil.lto_priv.195
                0x0000000020002470                skipRxSamples.lto_priv.194
                0x0000000020002474                failsafeState.lto_priv.182
                0x0000000020002498                channelRanges_SystemArray
 .bss           0x00000000200024a8        0x1 /var/folders/qz/8dvj07d52mjgthd1ds8wvf400000gn/T//ccg5ycur.ltrans18.ltrans.o
                0x00000000200024a8                systemState.lto_priv.241
 *fill*         0x00000000200024a9        0x3 
 .bss           0x00000000200024ac       0xe8 /var/folders/qz/8dvj07d52mjgthd1ds8wvf400000gn/T//ccg5ycur.ltrans19.ltrans.o
 *(SORT(.bss*))
 *(COMMON)
                0x0000000020002594                . = ALIGN (0x4)
                0x0000000020002594                _ebss = .
                0x0000000020002594                __bss_end__ = _ebss

._user_heap_stack
                0x0000000020002594      0x400 load address 0x0000000008012262
                0x0000000020002594                . = ALIGN (0x4)
                [!provide]                        PROVIDE (end, .)
                [!provide]                        PROVIDE (_end, .)
                0x0000000020002594                . = (. + _Min_Heap_Size)
                0x0000000020002994                . = (. + _Min_Stack_Size)
 *fill*         0x0000000020002594      0x400 
                0x0000000020002994                . = ALIGN (0x4)

.memory_b1_text
 *(.mb1text)
 *(.mb1text*)
 *(.mb1rodata)
 *(.mb1rodata*)

/DISCARD/
 libc.a(*)
 libm.a(*)
 libgcc.a(*)

.ARM.attributes
                0x0000000000000000       0x35
 *(.ARM.attributes)
 .ARM.attributes
                0x0000000000000000       0x21 obj/main/SPRACINGF3/startup_stm32f30x_md_gcc.o
 .ARM.attributes
                0x0000000000000021       0x37 /var/folders/qz/8dvj07d52mjgthd1ds8wvf400000gn/T//ccg5ycur.ltrans0.ltrans.o
 .ARM.attributes
                0x0000000000000058       0x37 /var/folders/qz/8dvj07d52mjgthd1ds8wvf400000gn/T//ccg5ycur.ltrans1.ltrans.o
 .ARM.attributes
                0x000000000000008f       0x37 /var/folders/qz/8dvj07d52mjgthd1ds8wvf400000gn/T//ccg5ycur.ltrans2.ltrans.o
 .ARM.attributes
                0x00000000000000c6       0x37 /var/folders/qz/8dvj07d52mjgthd1ds8wvf400000gn/T//ccg5ycur.ltrans3.ltrans.o
 .ARM.attributes
                0x00000000000000fd       0x37 /var/folders/qz/8dvj07d52mjgthd1ds8wvf400000gn/T//ccg5ycur.ltrans4.ltrans.o
 .ARM.attributes
                0x0000000000000134       0x37 /var/folders/qz/8dvj07d52mjgthd1ds8wvf400000gn/T//ccg5ycur.ltrans5.ltrans.o
 .ARM.attributes
                0x000000000000016b       0x37 /var/folders/qz/8dvj07d52mjgthd1ds8wvf400000gn/T//ccg5ycur.ltrans6.ltrans.o
 .ARM.attributes
                0x00000000000001a2       0x37 /var/folders/qz/8dvj07d52mjgthd1ds8wvf400000gn/T//ccg5ycur.ltrans7.ltrans.o
 .ARM.attributes
                0x00000000000001d9       0x37 /var/folders/qz/8dvj07d52mjgthd1ds8wvf400000gn/T//ccg5ycur.ltrans8.ltrans.o
 .ARM.attributes
                0x0000000000000210       0x37 /var/folders/qz/8dvj07d52mjgthd1ds8wvf400000gn/T//ccg5ycur.ltrans9.ltrans.o
 .ARM.attributes
                0x0000000000000247       0x37 /var/folders/qz/8dvj07d52mjgthd1ds8wvf400000gn/T//ccg5ycur.ltrans10.ltrans.o
 .ARM.attributes
                0x000000000000027e       0x37 /var/folders/qz/8dvj07d52mjgthd1ds8wvf400000gn/T//ccg5ycur.ltrans11.ltrans.o
 .ARM.attributes
                0x00000000000002b5       0x37 /var/folders/qz/8dvj07d52mjgthd1ds8wvf400000gn/T//ccg5ycur.ltrans12.ltrans.o
 .ARM.attributes
                0x00000000000002ec       0x37 /var/folders/qz/8dvj07d52mjgthd1ds8wvf400000gn/T//ccg5ycur.ltrans13.ltrans.o
 .ARM.attributes
                0x0000000000000323       0x37 /var/folders/qz/8dvj07d52mjgthd1ds8wvf400000gn/T//ccg5ycur.ltrans14.ltrans.o
 .ARM.attributes
                0x000000000000035a       0x37 /var/folders/qz/8dvj07d52mjgthd1ds8wvf400000gn/T//ccg5ycur.ltrans15.ltrans.o
 .ARM.attributes
                0x0000000000000391       0x37 /var/folders/qz/8dvj07d52mjgthd1ds8wvf400000gn/T//ccg5ycur.ltrans16.ltrans.o
 .ARM.attributes
                0x00000000000003c8       0x37 /var/folders/qz/8dvj07d52mjgthd1ds8wvf400000gn/T//ccg5ycur.ltrans17.ltrans.o
 .ARM.attributes
                0x00000000000003ff       0x37 /var/folders/qz/8dvj07d52mjgthd1ds8wvf400000gn/T//ccg5ycur.ltrans18.ltrans.o
 .ARM.attributes
                0x0000000000000436       0x37 /var/folders/qz/8dvj07d52mjgthd1ds8wvf400000gn/T//ccg5ycur.ltrans19.ltrans.o
 .ARM.attributes
                0x000000000000046d       0x37 /var/folders/qz/8dvj07d52mjgthd1ds8wvf400000gn/T//ccg5ycur.ltrans20.ltrans.o
 .ARM.attributes
                0x00000000000004a4       0x34 /opt/gcc-arm-none-eabi-5_4-2016q3/bin/../lib/gcc/arm-none-eabi/5.4.1/../../../../arm-none-eabi/lib/armv7e-m/fpu/libc_nano.a(lib_a-atoi.o)
 .ARM.attributes
                0x00000000000004d8       0x34 /opt/gcc-arm-none-eabi-5_4-2016q3/bin/../lib/gcc/arm-none-eabi/5.4.1/../../../../arm-none-eabi/lib/armv7e-m/fpu/libc_nano.a(lib_a-locale.o)
 .ARM.attributes
                0x000000000000050c       0x34 /opt/gcc-arm-none-eabi-5_4-2016q3/bin/../lib/gcc/arm-none-eabi/5.4.1/../../../../arm-none-eabi/lib/armv7e-m/fpu/libc_nano.a(lib_a-mbtowc_r.o)
 .ARM.attributes
                0x0000000000000540       0x20 /opt/gcc-arm-none-eabi-5_4-2016q3/bin/../lib/gcc/arm-none-eabi/5.4.1/../../../../arm-none-eabi/lib/armv7e-m/fpu/libc_nano.a(lib_a-strcmp.o)
 .ARM.attributes
                0x0000000000000560       0x34 /opt/gcc-arm-none-eabi-5_4-2016q3/bin/../lib/gcc/arm-none-eabi/5.4.1/../../../../arm-none-eabi/lib/armv7e-m/fpu/libc_nano.a(lib_a-strtok_r.o)
 .ARM.attributes
                0x0000000000000594       0x34 /opt/gcc-arm-none-eabi-5_4-2016q3/bin/../lib/gcc/arm-none-eabi/5.4.1/../../../../arm-none-eabi/lib/armv7e-m/fpu/libc_nano.a(lib_a-strtol.o)
 .ARM.attributes
                0x00000000000005c8       0x34 /opt/gcc-arm-none-eabi-5_4-2016q3/bin/../lib/gcc/arm-none-eabi/5.4.1/../../../../arm-none-eabi/lib/armv7e-m/fpu/libc_nano.a(lib_a-wctomb_r.o)
 .ARM.attributes
                0x00000000000005fc       0x34 /opt/gcc-arm-none-eabi-5_4-2016q3/bin/../lib/gcc/arm-none-eabi/5.4.1/../../../../arm-none-eabi/lib/armv7e-m/fpu/libc_nano.a(lib_a-ctype_.o)
 .ARM.attributes
                0x0000000000000630       0x34 /opt/gcc-arm-none-eabi-5_4-2016q3/bin/../lib/gcc/arm-none-eabi/5.4.1/../../../../arm-none-eabi/lib/armv7e-m/fpu/libc_nano.a(lib_a-impure.o)
 .ARM.attributes
                0x0000000000000664       0x34 /opt/gcc-arm-none-eabi-5_4-2016q3/bin/../lib/gcc/arm-none-eabi/5.4.1/../../../../arm-none-eabi/lib/armv7e-m/fpu/libm.a(lib_a-sf_lrint.o)
 .ARM.attributes
                0x0000000000000698       0x34 /opt/gcc-arm-none-eabi-5_4-2016q3/bin/../lib/gcc/arm-none-eabi/5.4.1/../../../../arm-none-eabi/lib/armv7e-m/fpu/libm.a(lib_a-w_pow.o)
 .ARM.attributes
                0x00000000000006cc       0x34 /opt/gcc-arm-none-eabi-5_4-2016q3/bin/../lib/gcc/arm-none-eabi/5.4.1/../../../../arm-none-eabi/lib/armv7e-m/fpu/libm.a(lib_a-wf_sqrt.o)
 .ARM.attributes
                0x0000000000000700       0x34 /opt/gcc-arm-none-eabi-5_4-2016q3/bin/../lib/gcc/arm-none-eabi/5.4.1/../../../../arm-none-eabi/lib/armv7e-m/fpu/libm.a(lib_a-e_pow.o)
 .ARM.attributes
                0x0000000000000734       0x34 /opt/gcc-arm-none-eabi-5_4-2016q3/bin/../lib/gcc/arm-none-eabi/5.4.1/../../../../arm-none-eabi/lib/armv7e-m/fpu/libm.a(lib_a-e_sqrt.o)
 .ARM.attributes
                0x0000000000000768       0x34 /opt/gcc-arm-none-eabi-5_4-2016q3/bin/../lib/gcc/arm-none-eabi/5.4.1/../../../../arm-none-eabi/lib/armv7e-m/fpu/libm.a(lib_a-ef_sqrt.o)
 .ARM.attributes
                0x000000000000079c       0x34 /opt/gcc-arm-none-eabi-5_4-2016q3/bin/../lib/gcc/arm-none-eabi/5.4.1/../../../../arm-none-eabi/lib/armv7e-m/fpu/libm.a(lib_a-s_fabs.o)
 .ARM.attributes
                0x00000000000007d0       0x34 /opt/gcc-arm-none-eabi-5_4-2016q3/bin/../lib/gcc/arm-none-eabi/5.4.1/../../../../arm-none-eabi/lib/armv7e-m/fpu/libm.a(lib_a-s_finite.o)
 .ARM.attributes
                0x0000000000000804       0x34 /opt/gcc-arm-none-eabi-5_4-2016q3/bin/../lib/gcc/arm-none-eabi/5.4.1/../../../../arm-none-eabi/lib/armv7e-m/fpu/libm.a(lib_a-s_lib_ver.o)
 .ARM.attributes
                0x0000000000000838       0x34 /opt/gcc-arm-none-eabi-5_4-2016q3/bin/../lib/gcc/arm-none-eabi/5.4.1/../../../../arm-none-eabi/lib/armv7e-m/fpu/libm.a(lib_a-s_matherr.o)
 .ARM.attributes
                0x000000000000086c       0x34 /opt/gcc-arm-none-eabi-5_4-2016q3/bin/../lib/gcc/arm-none-eabi/5.4.1/../../../../arm-none-eabi/lib/armv7e-m/fpu/libm.a(lib_a-s_nan.o)
 .ARM.attributes
                0x00000000000008a0       0x34 /opt/gcc-arm-none-eabi-5_4-2016q3/bin/../lib/gcc/arm-none-eabi/5.4.1/../../../../arm-none-eabi/lib/armv7e-m/fpu/libm.a(lib_a-s_rint.o)
 .ARM.attributes
                0x00000000000008d4       0x34 /opt/gcc-arm-none-eabi-5_4-2016q3/bin/../lib/gcc/arm-none-eabi/5.4.1/../../../../arm-none-eabi/lib/armv7e-m/fpu/libm.a(lib_a-s_scalbn.o)
 .ARM.attributes
                0x0000000000000908       0x34 /opt/gcc-arm-none-eabi-5_4-2016q3/bin/../lib/gcc/arm-none-eabi/5.4.1/../../../../arm-none-eabi/lib/armv7e-m/fpu/libm.a(lib_a-s_copysign.o)
 .ARM.attributes
                0x000000000000093c       0x34 /opt/gcc-arm-none-eabi-5_4-2016q3/bin/../lib/gcc/arm-none-eabi/5.4.1/../../../../arm-none-eabi/lib/armv7e-m/fpu/libc_nano.a(lib_a-errno.o)
 .ARM.attributes
                0x0000000000000970       0x34 /opt/gcc-arm-none-eabi-5_4-2016q3/bin/../lib/gcc/arm-none-eabi/5.4.1/../../../../arm-none-eabi/lib/armv7e-m/fpu/libc_nano.a(lib_a-memcmp.o)
 .ARM.attributes
                0x00000000000009a4       0x34 /opt/gcc-arm-none-eabi-5_4-2016q3/bin/../lib/gcc/arm-none-eabi/5.4.1/../../../../arm-none-eabi/lib/armv7e-m/fpu/libc_nano.a(lib_a-memcpy-stub.o)
 .ARM.attributes
                0x00000000000009d8       0x34 /opt/gcc-arm-none-eabi-5_4-2016q3/bin/../lib/gcc/arm-none-eabi/5.4.1/../../../../arm-none-eabi/lib/armv7e-m/fpu/libc_nano.a(lib_a-memmove.o)
 .ARM.attributes
                0x0000000000000a0c       0x34 /opt/gcc-arm-none-eabi-5_4-2016q3/bin/../lib/gcc/arm-none-eabi/5.4.1/../../../../arm-none-eabi/lib/armv7e-m/fpu/libc_nano.a(lib_a-memset.o)
 .ARM.attributes
                0x0000000000000a40       0x34 /opt/gcc-arm-none-eabi-5_4-2016q3/bin/../lib/gcc/arm-none-eabi/5.4.1/../../../../arm-none-eabi/lib/armv7e-m/fpu/libc_nano.a(lib_a-strcasecmp.o)
 .ARM.attributes
                0x0000000000000a74       0x34 /opt/gcc-arm-none-eabi-5_4-2016q3/bin/../lib/gcc/arm-none-eabi/5.4.1/../../../../arm-none-eabi/lib/armv7e-m/fpu/libc_nano.a(lib_a-strcat.o)
 .ARM.attributes
                0x0000000000000aa8       0x34 /opt/gcc-arm-none-eabi-5_4-2016q3/bin/../lib/gcc/arm-none-eabi/5.4.1/../../../../arm-none-eabi/lib/armv7e-m/fpu/libc_nano.a(lib_a-strchr.o)
 .ARM.attributes
                0x0000000000000adc       0x1b /opt/gcc-arm-none-eabi-5_4-2016q3/bin/../lib/gcc/arm-none-eabi/5.4.1/../../../../arm-none-eabi/lib/armv7e-m/fpu/libc_nano.a(lib_a-strlen.o)
 .ARM.attributes
                0x0000000000000af7       0x34 /opt/gcc-arm-none-eabi-5_4-2016q3/bin/../lib/gcc/arm-none-eabi/5.4.1/../../../../arm-none-eabi/lib/armv7e-m/fpu/libc_nano.a(lib_a-strncasecmp.o)
 .ARM.attributes
                0x0000000000000b2b       0x34 /opt/gcc-arm-none-eabi-5_4-2016q3/bin/../lib/gcc/arm-none-eabi/5.4.1/../../../../arm-none-eabi/lib/armv7e-m/fpu/libc_nano.a(lib_a-strncpy.o)
 .ARM.attributes
                0x0000000000000b5f       0x34 /opt/gcc-arm-none-eabi-5_4-2016q3/bin/../lib/gcc/arm-none-eabi/5.4.1/../../../../arm-none-eabi/lib/armv7e-m/fpu/libc_nano.a(lib_a-strstr.o)
 .ARM.attributes
                0x0000000000000b93       0x22 /opt/gcc-arm-none-eabi-5_4-2016q3/bin/../lib/gcc/arm-none-eabi/5.4.1/armv7e-m/fpu/libgcc.a(_arm_addsubdf3.o)
 .ARM.attributes
                0x0000000000000bb5       0x22 /opt/gcc-arm-none-eabi-5_4-2016q3/bin/../lib/gcc/arm-none-eabi/5.4.1/armv7e-m/fpu/libgcc.a(_arm_muldivdf3.o)
 .ARM.attributes
                0x0000000000000bd7       0x22 /opt/gcc-arm-none-eabi-5_4-2016q3/bin/../lib/gcc/arm-none-eabi/5.4.1/armv7e-m/fpu/libgcc.a(_arm_cmpdf2.o)
 .ARM.attributes
                0x0000000000000bf9       0x22 /opt/gcc-arm-none-eabi-5_4-2016q3/bin/../lib/gcc/arm-none-eabi/5.4.1/armv7e-m/fpu/libgcc.a(_arm_unorddf2.o)
 .ARM.attributes
                0x0000000000000c1b       0x22 /opt/gcc-arm-none-eabi-5_4-2016q3/bin/../lib/gcc/arm-none-eabi/5.4.1/armv7e-m/fpu/libgcc.a(_arm_truncdfsf2.o)
 .ARM.attributes
                0x0000000000000c3d       0x22 /opt/gcc-arm-none-eabi-5_4-2016q3/bin/../lib/gcc/arm-none-eabi/5.4.1/armv7e-m/fpu/libgcc.a(_aeabi_ldivmod.o)
 .ARM.attributes
                0x0000000000000c5f       0x34 /opt/gcc-arm-none-eabi-5_4-2016q3/bin/../lib/gcc/arm-none-eabi/5.4.1/armv7e-m/fpu/libgcc.a(_popcountsi2.o)
 .ARM.attributes
                0x0000000000000c93       0x34 /opt/gcc-arm-none-eabi-5_4-2016q3/bin/../lib/gcc/arm-none-eabi/5.4.1/armv7e-m/fpu/libgcc.a(_udivmoddi4.o)
 .ARM.attributes
                0x0000000000000cc7       0x22 /opt/gcc-arm-none-eabi-5_4-2016q3/bin/../lib/gcc/arm-none-eabi/5.4.1/armv7e-m/fpu/libgcc.a(_dvmd_tls.o)
OUTPUT(obj/main/cleanflight_SPRACINGF3.elf elf32-littlearm)

.debug_info     0x0000000000000000    0x291dc
 .debug_info    0x0000000000000000     0x659c /var/folders/qz/8dvj07d52mjgthd1ds8wvf400000gn/T//ccg5ycur.ltrans0.ltrans.o
 .debug_info    0x000000000000659c     0x4e95 /var/folders/qz/8dvj07d52mjgthd1ds8wvf400000gn/T//ccg5ycur.ltrans1.ltrans.o
 .debug_info    0x000000000000b431     0x2327 /var/folders/qz/8dvj07d52mjgthd1ds8wvf400000gn/T//ccg5ycur.ltrans2.ltrans.o
 .debug_info    0x000000000000d758     0x3518 /var/folders/qz/8dvj07d52mjgthd1ds8wvf400000gn/T//ccg5ycur.ltrans3.ltrans.o
 .debug_info    0x0000000000010c70     0x1f06 /var/folders/qz/8dvj07d52mjgthd1ds8wvf400000gn/T//ccg5ycur.ltrans4.ltrans.o
 .debug_info    0x0000000000012b76     0x24c2 /var/folders/qz/8dvj07d52mjgthd1ds8wvf400000gn/T//ccg5ycur.ltrans5.ltrans.o
 .debug_info    0x0000000000015038     0x2146 /var/folders/qz/8dvj07d52mjgthd1ds8wvf400000gn/T//ccg5ycur.ltrans6.ltrans.o
 .debug_info    0x000000000001717e     0x28c4 /var/folders/qz/8dvj07d52mjgthd1ds8wvf400000gn/T//ccg5ycur.ltrans7.ltrans.o
 .debug_info    0x0000000000019a42     0x2426 /var/folders/qz/8dvj07d52mjgthd1ds8wvf400000gn/T//ccg5ycur.ltrans8.ltrans.o
 .debug_info    0x000000000001be68     0x2846 /var/folders/qz/8dvj07d52mjgthd1ds8wvf400000gn/T//ccg5ycur.ltrans9.ltrans.o
 .debug_info    0x000000000001e6ae     0x23ff /var/folders/qz/8dvj07d52mjgthd1ds8wvf400000gn/T//ccg5ycur.ltrans10.ltrans.o
 .debug_info    0x0000000000020aad     0x149c /var/folders/qz/8dvj07d52mjgthd1ds8wvf400000gn/T//ccg5ycur.ltrans11.ltrans.o
 .debug_info    0x0000000000021f49      0xf6a /var/folders/qz/8dvj07d52mjgthd1ds8wvf400000gn/T//ccg5ycur.ltrans12.ltrans.o
 .debug_info    0x0000000000022eb3     0x1448 /var/folders/qz/8dvj07d52mjgthd1ds8wvf400000gn/T//ccg5ycur.ltrans13.ltrans.o
 .debug_info    0x00000000000242fb     0x124f /var/folders/qz/8dvj07d52mjgthd1ds8wvf400000gn/T//ccg5ycur.ltrans14.ltrans.o
 .debug_info    0x000000000002554a     0x1331 /var/folders/qz/8dvj07d52mjgthd1ds8wvf400000gn/T//ccg5ycur.ltrans15.ltrans.o
 .debug_info    0x000000000002687b     0x191c /var/folders/qz/8dvj07d52mjgthd1ds8wvf400000gn/T//ccg5ycur.ltrans16.ltrans.o
 .debug_info    0x0000000000028197      0x5eb /var/folders/qz/8dvj07d52mjgthd1ds8wvf400000gn/T//ccg5ycur.ltrans17.ltrans.o
 .debug_info    0x0000000000028782      0x345 /var/folders/qz/8dvj07d52mjgthd1ds8wvf400000gn/T//ccg5ycur.ltrans18.ltrans.o
 .debug_info    0x0000000000028ac7      0x4c3 /var/folders/qz/8dvj07d52mjgthd1ds8wvf400000gn/T//ccg5ycur.ltrans19.ltrans.o
 .debug_info    0x0000000000028f8a      0x252 /var/folders/qz/8dvj07d52mjgthd1ds8wvf400000gn/T//ccg5ycur.ltrans20.ltrans.o

.debug_abbrev   0x0000000000000000     0x569a
 .debug_abbrev  0x0000000000000000      0x4a8 /var/folders/qz/8dvj07d52mjgthd1ds8wvf400000gn/T//ccg5ycur.ltrans0.ltrans.o
 .debug_abbrev  0x00000000000004a8      0x48b /var/folders/qz/8dvj07d52mjgthd1ds8wvf400000gn/T//ccg5ycur.ltrans1.ltrans.o
 .debug_abbrev  0x0000000000000933      0x3f3 /var/folders/qz/8dvj07d52mjgthd1ds8wvf400000gn/T//ccg5ycur.ltrans2.ltrans.o